  Determining projects to restore...
F:\Floofdev\HardLight\Content.MapRenderer\Content.MapRenderer.csproj : warning NU1902: Package 'SixLabors.ImageSharp' 3.1.7 has a known moderate severity vulnerability, https://github.com/advisories/GHSA-rxmq-m78w-7wmc [F:\Floofdev\HardLight\SpaceStation14.sln]
F:\Floofdev\HardLight\RobustToolbox\Robust.Client\Robust.Client.csproj : warning NU1902: Package 'SixLabors.ImageSharp' 3.1.7 has a known moderate severity vulnerability, https://github.com/advisories/GHSA-rxmq-m78w-7wmc [F:\Floofdev\HardLight\SpaceStation14.sln]
  All projects are up-to-date for restore.
  Lidgren.Network -> F:\Floofdev\HardLight\RobustToolbox\Lidgren.Network\bin\Release\net9.0\SpaceWizards.Lidgren.Network.dll
F:\Floofdev\HardLight\RobustToolbox\Robust.Client\Robust.Client.csproj : warning NU1902: Package 'SixLabors.ImageSharp' 3.1.7 has a known moderate severity vulnerability, https://github.com/advisories/GHSA-rxmq-m78w-7wmc
  Robust.Serialization.Generator -> F:\Floofdev\HardLight\RobustToolbox\Robust.Serialization.Generator\bin\Release\netstandard2.0\Robust.Serialization.Generator.dll
  OpenToolkit.GraphicsLibraryFramework -> F:\Floofdev\HardLight\RobustToolbox\OpenToolkit.GraphicsLibraryFramework\bin\Release\net9.0\OpenToolkit.GraphicsLibraryFramework.dll
  NetSerializer -> F:\Floofdev\HardLight\RobustToolbox\NetSerializer\NetSerializer\bin\Release\net8.0\Robust.NetSerializer.dll
  Robust.Analyzers -> F:\Floofdev\HardLight\RobustToolbox\Robust.Analyzers\bin\Release\netstandard2.0\Robust.Analyzers.dll
  Robust.LoaderApi -> F:\Floofdev\HardLight\RobustToolbox\Robust.LoaderApi\Robust.LoaderApi\bin\Release\net8.0\Robust.LoaderApi.dll
  Avalonia.Base -> F:\Floofdev\HardLight\RobustToolbox\Avalonia.Base\bin\Release\net9.0\Avalonia.Base.dll
  XamlX -> F:\Floofdev\HardLight\RobustToolbox\XamlX\src\XamlX\bin\Release\netstandard2.0\XamlX.dll
  XamlX.Runtime -> F:\Floofdev\HardLight\RobustToolbox\XamlX\src\XamlX.Runtime\bin\Release\netstandard2.0\XamlX.Runtime.dll
  Content.Shared.Database -> F:\Floofdev\HardLight\Content.Shared.Database\bin\Release\net9.0\Content.Shared.Database.dll
  Robust.Client.NameGenerator -> F:\Floofdev\HardLight\RobustToolbox\Robust.Client.NameGenerator\bin\Release\netstandard2.0\Robust.Client.NameGenerator.dll
F:\Floofdev\HardLight\Content.MapRenderer\Content.MapRenderer.csproj : warning NU1902: Package 'SixLabors.ImageSharp' 3.1.7 has a known moderate severity vulnerability, https://github.com/advisories/GHSA-rxmq-m78w-7wmc
  Content.Server.Database -> F:\Floofdev\HardLight\bin\Content.Server.Database\Content.Server.Database.dll
  XamlX.IL.Cecil -> F:\Floofdev\HardLight\RobustToolbox\XamlX\src\XamlX.IL.Cecil\bin\Release\netstandard2.0\XamlX.IL.Cecil.dll
  Content.PatreonParser -> F:\Floofdev\HardLight\Content.PatreonParser\bin\Release\net9.0\Content.PatreonParser.dll
  Robust.Shared.Maths -> F:\Floofdev\HardLight\RobustToolbox\Robust.Shared.Maths\bin\Release\Robust.Shared.Maths.dll
  Robust.Shared.CompNetworkGenerator -> F:\Floofdev\HardLight\RobustToolbox\Robust.Shared.CompNetworkGenerator\bin\Release\netstandard2.0\Robust.Shared.CompNetworkGenerator.dll
  Robust.Xaml -> F:\Floofdev\HardLight\RobustToolbox\Robust.Xaml\bin\Release\netstandard2.0\Robust.Xaml.dll
  Robust.Analyzers.Tests -> F:\Floofdev\HardLight\RobustToolbox\Robust.Analyzers.Tests\bin\Release\net9.0\Robust.Analyzers.Tests.dll
  Robust.Client.Injectors -> F:\Floofdev\HardLight\RobustToolbox\Robust.Client.Injectors\bin\Release\netstandard2.0\Robust.Client.Injectors.dll
  Robust.Shared -> F:\Floofdev\HardLight\RobustToolbox\Robust.Shared\bin\Release\Robust.Shared.dll
  Robust.Packaging -> F:\Floofdev\HardLight\RobustToolbox\Robust.Packaging\bin\Release\net9.0\Robust.Packaging.dll
  Robust.Shared.Scripting -> F:\Floofdev\HardLight\RobustToolbox\Robust.Shared.Scripting\bin\Release\Robust.Shared.Scripting.dll
  Robust.Server -> F:\Floofdev\HardLight\RobustToolbox\bin\Server\Robust.Server.dll
  Content.Shared -> F:\Floofdev\HardLight\Content.Shared\bin\Release\Content.Shared.dll
  Content.Tools -> F:\Floofdev\HardLight\Content.Tools\bin\Release\net9.0\Content.Tools.dll
  Content.Packaging -> F:\Floofdev\HardLight\Content.Packaging\bin\Release\net9.0\Content.Packaging.dll
F:\Floofdev\HardLight\Content.Server\_HL\RoundPersistence\Systems\RoundPersistenceSystem.cs(26,7): warning CS0105: The using directive for 'Content.Shared.Shuttles.Components' appeared previously in this namespace [F:\Floofdev\HardLight\Content.Server\Content.Server.csproj]
F:\Floofdev\HardLight\Content.Server\_NF\PublicTransit\PublicTransitSystem.cs(18,7): warning CS0105: The using directive for 'Content.Server.GameTicking' appeared previously in this namespace [F:\Floofdev\HardLight\Content.Server\Content.Server.csproj]
F:\Floofdev\HardLight\Content.Server\_NF\PublicTransit\PublicTransitSystem.cs(33,7): warning CS0105: The using directive for 'Content.Shared.GameTicking' appeared previously in this namespace [F:\Floofdev\HardLight\Content.Server\Content.Server.csproj]
F:\Floofdev\HardLight\Content.Server\StationEvents\BasicStationEventSchedulerSystem.cs(98,72): warning CS0618: 'Prototype<EntityPrototype>' is obsolete: 'Use ProtoId<T> or EntProtoId, or the prototype directly' [F:\Floofdev\HardLight\Content.Server\Content.Server.csproj]
F:\Floofdev\HardLight\Content.Server\StationEvents\BasicStationEventSchedulerSystem.cs(151,70): warning CS0618: 'Prototype<EntityPrototype>' is obsolete: 'Use ProtoId<T> or EntProtoId, or the prototype directly' [F:\Floofdev\HardLight\Content.Server\Content.Server.csproj]
F:\Floofdev\HardLight\Content.Server\StationEvents\BasicStationEventSchedulerSystem.cs(174,74): warning CS0618: 'Prototype<EntityPrototype>' is obsolete: 'Use ProtoId<T> or EntProtoId, or the prototype directly' [F:\Floofdev\HardLight\Content.Server\Content.Server.csproj]
F:\Floofdev\HardLight\Content.Server\StationEvents\BasicStationEventSchedulerSystem.cs(201,45): warning CS0618: 'Prototype<EntityPrototype>' is obsolete: 'Use ProtoId<T> or EntProtoId, or the prototype directly' [F:\Floofdev\HardLight\Content.Server\Content.Server.csproj]
F:\Floofdev\HardLight\Content.Server\Paint\PaintSystem.cs(26,35): warning CS0618: 'SolutionContainerSystem' is obsolete: 'This is being depreciated. Use SharedSolutionContainerSystem instead!' [F:\Floofdev\HardLight\Content.Server\Content.Server.csproj]
F:\Floofdev\HardLight\Content.Server\_Hardlight\Drugs\PacketSealingSystem.cs(88,13): warning CS0618: 'TransformComponent.Coordinates.set' is obsolete: 'Use the system's setter method instead.' [F:\Floofdev\HardLight\Content.Server\Content.Server.csproj]
F:\Floofdev\HardLight\Content.Server\_Hardlight\Drugs\PacketSealingSystem.cs(112,13): warning CS0618: 'SharedContainerSystem.TryGetContainingContainer(EntityUid, out BaseContainer?, MetaDataComponent?, TransformComponent?)' is obsolete: 'Use Entity<T> variant' [F:\Floofdev\HardLight\Content.Server\Content.Server.csproj]
F:\Floofdev\HardLight\Content.Server\_Hardlight\Drugs\PacketSealingSystem.cs(149,9): warning CS0618: 'TransformComponent.Coordinates.set' is obsolete: 'Use the system's setter method instead.' [F:\Floofdev\HardLight\Content.Server\Content.Server.csproj]
F:\Floofdev\HardLight\Content.Server\_HL\RoundPersistence\Systems\RoundPersistenceSystem.cs(190,25): warning CS0618: 'IMapManager.CreateMap(MapId?)' is obsolete: 'Use MapSystem' [F:\Floofdev\HardLight\Content.Server\Content.Server.csproj]
F:\Floofdev\HardLight\Content.Server\_HL\RoundPersistence\Systems\RoundPersistenceSystem.cs(342,24): warning CS0618: 'TransformComponent.WorldPosition' is obsolete: 'Use the system method instead' [F:\Floofdev\HardLight\Content.Server\Content.Server.csproj]
F:\Floofdev\HardLight\Content.Server\_EinsteinEngines\Silicon\EmitBuzzOnCrit\EmitBuzzWhileDamagedSystem.cs(54,64): warning CS0618: 'AudioHelpers.WithVariation(float, IRobustRandom?)' is obsolete: 'Use AudioParams.Variation data-field' [F:\Floofdev\HardLight\Content.Server\Content.Server.csproj]
F:\Floofdev\HardLight\Content.Server\_EinsteinEngines\Silicon\DeadStartupButton\DeadStartupButtonSystem.cs(54,49): warning CS0618: 'AudioHelpers.WithVariation(float, IRobustRandom?)' is obsolete: 'Use AudioParams.Variation data-field' [F:\Floofdev\HardLight\Content.Server\Content.Server.csproj]
F:\Floofdev\HardLight\Content.Server\Weather\WeatherSystem.cs(46,14): warning CS0618: 'IMapManager.MapExists(MapId?)' is obsolete: 'Use MapSystem' [F:\Floofdev\HardLight\Content.Server\Content.Server.csproj]
F:\Floofdev\HardLight\Content.Server\_NF\Shipyard\Systems\ShipyardSystem.cs(400,36): warning CS0618: 'ResolvedSoundSpecifier.implicit operator ResolvedSoundSpecifier(string)' is obsolete: 'String literals for sounds are deprecated, use a SoundSpecifier or ResolvedSoundSpecifier as appropriate instead' [F:\Floofdev\HardLight\Content.Server\Content.Server.csproj]
F:\Floofdev\HardLight\Content.Server\_NF\Shipyard\Systems\ShipyardSystem.cs(451,36): warning CS0618: 'ResolvedSoundSpecifier.implicit operator ResolvedSoundSpecifier(string)' is obsolete: 'String literals for sounds are deprecated, use a SoundSpecifier or ResolvedSoundSpecifier as appropriate instead' [F:\Floofdev\HardLight\Content.Server\Content.Server.csproj]
F:\Floofdev\HardLight\Content.Server\Standing\StandingStateSystem.cs(28,29): warning CS0618: 'TransformComponent.WorldRotation' is obsolete: 'Use the system method instead' [F:\Floofdev\HardLight\Content.Server\Content.Server.csproj]
F:\Floofdev\HardLight\Content.Server\Spider\SpiderSystem.cs(69,32): warning CS0618: 'TurfHelpers.GetEntitiesInTile(EntityCoordinates, LookupFlags, EntityLookupSystem?)' is obsolete: 'Use the lookup system' [F:\Floofdev\HardLight\Content.Server\Content.Server.csproj]
F:\Floofdev\HardLight\Content.Server\Spawners\EntitySystems\SpawnerSystem.cs(22,9): warning CS0618: 'TimerExtensions.SpawnRepeatingTimer(EntityUid, TimeSpan, Action, CancellationToken)' is obsolete: 'Use a system update loop instead' [F:\Floofdev\HardLight\Content.Server\Content.Server.csproj]
F:\Floofdev\HardLight\Content.Server\Silicons\StationAi\AiVisionWireAction.cs(26,32): warning CS0618: 'Component.Owner' is obsolete: 'Update your API to allow accessing Owner through other means' [F:\Floofdev\HardLight\Content.Server\Content.Server.csproj]
F:\Floofdev\HardLight\Content.Server\Silicons\StationAi\AiVisionWireAction.cs(32,32): warning CS0618: 'Component.Owner' is obsolete: 'Update your API to allow accessing Owner through other means' [F:\Floofdev\HardLight\Content.Server\Content.Server.csproj]
F:\Floofdev\HardLight\Content.Server\Silicons\StationAi\AiInteractWireAction.cs(25,35): warning CS0618: 'Component.Owner' is obsolete: 'Update your API to allow accessing Owner through other means' [F:\Floofdev\HardLight\Content.Server\Content.Server.csproj]
F:\Floofdev\HardLight\Content.Server\Silicons\StationAi\AiInteractWireAction.cs(31,35): warning CS0618: 'Component.Owner' is obsolete: 'Update your API to allow accessing Owner through other means' [F:\Floofdev\HardLight\Content.Server\Content.Server.csproj]
F:\Floofdev\HardLight\Content.Server\Singularity\EntitySystems\EventHorizonSystem.cs(289,40): warning CS0618: 'MapGridComponent.GetAnchoredEntities(Vector2i)' is obsolete: 'Use the MapSystem method' [F:\Floofdev\HardLight\Content.Server\Content.Server.csproj]
F:\Floofdev\HardLight\Content.Server\RoundEnd\RoundEndSystem.cs(193,31): warning CS0618: 'ResolvedSoundSpecifier.implicit operator ResolvedSoundSpecifier(string)' is obsolete: 'String literals for sounds are deprecated, use a SoundSpecifier or ResolvedSoundSpecifier as appropriate instead' [F:\Floofdev\HardLight\Content.Server\Content.Server.csproj]
F:\Floofdev\HardLight\Content.Server\RoundEnd\RoundEndSystem.cs(241,31): warning CS0618: 'ResolvedSoundSpecifier.implicit operator ResolvedSoundSpecifier(string)' is obsolete: 'String literals for sounds are deprecated, use a SoundSpecifier or ResolvedSoundSpecifier as appropriate instead' [F:\Floofdev\HardLight\Content.Server\Content.Server.csproj]
F:\Floofdev\HardLight\Content.Server\Shuttles\Systems\ShuttleSystem.FasterThanLight.cs(576,9): warning CS0618: 'IMapManager.SetMapPaused(MapId, bool)' is obsolete: 'Use MapSystem' [F:\Floofdev\HardLight\Content.Server\Content.Server.csproj]
F:\Floofdev\HardLight\Content.Server\Salvage\SalvageSystem.ExpeditionConsole.cs(282,13): error CS0103: The name 'coordinatesDisk' does not exist in the current context [F:\Floofdev\HardLight\Content.Server\Content.Server.csproj]
F:\Floofdev\HardLight\Content.Server\Salvage\SalvageSystem.Expeditions.cs(185,30): error CS0246: The type or namespace name 'MapGridComponent' could not be found (are you missing a using directive or an assembly reference?) [F:\Floofdev\HardLight\Content.Server\Content.Server.csproj]
F:\Floofdev\HardLight\Content.Server\Salvage\SalvageSystem.Magnet.cs(50,9): warning CS4014: Because this call is not awaited, execution of the current method continues before the call is completed. Consider applying the 'await' operator to the result of the call. [F:\Floofdev\HardLight\Content.Server\Content.Server.csproj]
F:\Floofdev\HardLight\Content.Server\Radiation\Systems\RadiationSystem.Blockers.cs(111,23): warning CS0618: 'MapGridComponent.TileIndicesFor(EntityCoordinates)' is obsolete: 'Use the MapSystem method' [F:\Floofdev\HardLight\Content.Server\Content.Server.csproj]
F:\Floofdev\HardLight\Content.Server\Salvage\SalvageSystem.Magnet.cs(432,17): warning CS0612: 'IMapManager.FindGridsIntersecting(MapId, Box2Rotated, bool, bool)' is obsolete [F:\Floofdev\HardLight\Content.Server\Content.Server.csproj]
F:\Floofdev\HardLight\Content.Server\Salvage\SalvageSystem.Runner.cs(83,13): warning CS0618: 'IMapManager.GetMapEntityId(MapId)' is obsolete: 'Use MapSystem' [F:\Floofdev\HardLight\Content.Server\Content.Server.csproj]
F:\Floofdev\HardLight\Content.Server\Shuttles\Systems\EmergencyShuttleSystem.Console.cs(308,31): warning CS0618: 'ResolvedSoundSpecifier.implicit operator ResolvedSoundSpecifier(string)' is obsolete: 'String literals for sounds are deprecated, use a SoundSpecifier or ResolvedSoundSpecifier as appropriate instead' [F:\Floofdev\HardLight\Content.Server\Content.Server.csproj]
F:\Floofdev\HardLight\Content.Server\Shuttles\Systems\EmergencyShuttleSystem.Console.cs(412,27): warning CS0618: 'ResolvedSoundSpecifier.implicit operator ResolvedSoundSpecifier(string)' is obsolete: 'String literals for sounds are deprecated, use a SoundSpecifier or ResolvedSoundSpecifier as appropriate instead' [F:\Floofdev\HardLight\Content.Server\Content.Server.csproj]
F:\Floofdev\HardLight\Content.Server\Preferences\Managers\ServerPreferencesManager.cs(55,17): warning CS0618: 'Logger.WarningS(string, string)' is obsolete: 'Use ISawmill.Warning' [F:\Floofdev\HardLight\Content.Server\Content.Server.csproj]
F:\Floofdev\HardLight\Content.Server\Preferences\Managers\ServerPreferencesManager.cs(125,17): warning CS0618: 'Logger.WarningS(string, string)' is obsolete: 'Use ISawmill.Warning' [F:\Floofdev\HardLight\Content.Server\Content.Server.csproj]
F:\Floofdev\HardLight\Content.Server\Shuttles\Systems\EmergencyShuttleSystem.cs(342,31): warning CS0618: 'ResolvedSoundSpecifier.implicit operator ResolvedSoundSpecifier(string)' is obsolete: 'String literals for sounds are deprecated, use a SoundSpecifier or ResolvedSoundSpecifier as appropriate instead' [F:\Floofdev\HardLight\Content.Server\Content.Server.csproj]
F:\Floofdev\HardLight\Content.Server\Shuttles\Systems\EmergencyShuttleSystem.cs(401,27): warning CS0618: 'ResolvedSoundSpecifier.implicit operator ResolvedSoundSpecifier(string)' is obsolete: 'String literals for sounds are deprecated, use a SoundSpecifier or ResolvedSoundSpecifier as appropriate instead' [F:\Floofdev\HardLight\Content.Server\Content.Server.csproj]
F:\Floofdev\HardLight\Content.Server\Procedural\DungeonSystem.Rooms.cs(126,30): warning CS0618: 'IMapManager.GetMapEntityId(MapId)' is obsolete: 'Use MapSystem' [F:\Floofdev\HardLight\Content.Server\Content.Server.csproj]
F:\Floofdev\HardLight\Content.Server\Shuttles\ShipSerializationSystem.cs(131,26): warning CS0618: 'Component.Owner' is obsolete: 'Update your API to allow accessing Owner through other means' [F:\Floofdev\HardLight\Content.Server\Content.Server.csproj]
F:\Floofdev\HardLight\Content.Server\Power\Nodes\CableTerminalPortNode.cs(20,29): warning CS0618: 'MapGridComponent.TileIndicesFor(EntityCoordinates)' is obsolete: 'Use the MapSystem method' [F:\Floofdev\HardLight\Content.Server\Content.Server.csproj]
F:\Floofdev\HardLight\Content.Server\Power\Nodes\CableTerminalNode.cs(20,29): warning CS0618: 'MapGridComponent.TileIndicesFor(EntityCoordinates)' is obsolete: 'Use the MapSystem method' [F:\Floofdev\HardLight\Content.Server\Content.Server.csproj]
F:\Floofdev\HardLight\Content.Server\Power\Nodes\CableNode.cs(20,29): warning CS0618: 'MapGridComponent.TileIndicesFor(EntityCoordinates)' is obsolete: 'Use the MapSystem method' [F:\Floofdev\HardLight\Content.Server\Content.Server.csproj]
F:\Floofdev\HardLight\Content.Server\Power\Nodes\CableDeviceNode.cs(42,29): warning CS0618: 'MapGridComponent.TileIndicesFor(EntityCoordinates)' is obsolete: 'Use the MapSystem method' [F:\Floofdev\HardLight\Content.Server\Content.Server.csproj]
F:\Floofdev\HardLight\Content.Server\Shuttles\ShipSerializationSystem.cs(342,39): warning CS0618: 'Component.Owner' is obsolete: 'Update your API to allow accessing Owner through other means' [F:\Floofdev\HardLight\Content.Server\Content.Server.csproj]
F:\Floofdev\HardLight\Content.Server\Shuttles\ShipSerializationSystem.cs(343,13): warning CS0618: 'TransformComponent.WorldPosition' is obsolete: 'Use the system method instead' [F:\Floofdev\HardLight\Content.Server\Content.Server.csproj]
F:\Floofdev\HardLight\Content.Server\Shuttles\ShipSerializationSystem.cs(374,30): warning CS0618: 'Component.Owner' is obsolete: 'Update your API to allow accessing Owner through other means' [F:\Floofdev\HardLight\Content.Server\Content.Server.csproj]
F:\Floofdev\HardLight\Content.Server\Shuttles\ShipSerializationSystem.cs(380,42): warning CS0618: 'Component.Owner' is obsolete: 'Update your API to allow accessing Owner through other means' [F:\Floofdev\HardLight\Content.Server\Content.Server.csproj]
F:\Floofdev\HardLight\Content.Server\Shuttles\ShipSerializationSystem.cs(392,72): warning CS0618: 'Component.Owner' is obsolete: 'Update your API to allow accessing Owner through other means' [F:\Floofdev\HardLight\Content.Server\Content.Server.csproj]
F:\Floofdev\HardLight\Content.Server\Shuttles\ShipSerializationSystem.cs(399,69): warning CS0618: 'Component.Owner' is obsolete: 'Update your API to allow accessing Owner through other means' [F:\Floofdev\HardLight\Content.Server\Content.Server.csproj]
F:\Floofdev\HardLight\Content.Server\Shuttles\ShipSerializationSystem.cs(442,24): warning CS0618: 'Component.Owner' is obsolete: 'Update your API to allow accessing Owner through other means' [F:\Floofdev\HardLight\Content.Server\Content.Server.csproj]
F:\Floofdev\HardLight\Content.Server\Shuttles\ShipSerializationSystem.cs(466,61): warning CS0618: 'Component.Owner' is obsolete: 'Update your API to allow accessing Owner through other means' [F:\Floofdev\HardLight\Content.Server\Content.Server.csproj]
F:\Floofdev\HardLight\Content.Server\Shuttles\ShipSerializationSystem.cs(494,65): warning CS0618: 'Component.Owner' is obsolete: 'Update your API to allow accessing Owner through other means' [F:\Floofdev\HardLight\Content.Server\Content.Server.csproj]
F:\Floofdev\HardLight\Content.Server\Shuttles\ShipSerializationSystem.cs(544,20): warning CS0618: 'Component.Owner' is obsolete: 'Update your API to allow accessing Owner through other means' [F:\Floofdev\HardLight\Content.Server\Content.Server.csproj]
F:\Floofdev\HardLight\Content.Server\Shuttles\ShipSerializationSystem.cs(566,47): warning CS0618: 'Component.Owner' is obsolete: 'Update your API to allow accessing Owner through other means' [F:\Floofdev\HardLight\Content.Server\Content.Server.csproj]
F:\Floofdev\HardLight\Content.Server\Shuttles\ShipSerializationSystem.cs(597,30): warning CS0618: 'Component.Owner' is obsolete: 'Update your API to allow accessing Owner through other means' [F:\Floofdev\HardLight\Content.Server\Content.Server.csproj]
F:\Floofdev\HardLight\Content.Server\Shuttles\ShipSerializationSystem.cs(603,42): warning CS0618: 'Component.Owner' is obsolete: 'Update your API to allow accessing Owner through other means' [F:\Floofdev\HardLight\Content.Server\Content.Server.csproj]
F:\Floofdev\HardLight\Content.Server\Shuttles\ShipSerializationSystem.cs(615,72): warning CS0618: 'Component.Owner' is obsolete: 'Update your API to allow accessing Owner through other means' [F:\Floofdev\HardLight\Content.Server\Content.Server.csproj]
F:\Floofdev\HardLight\Content.Server\Shuttles\ShipSerializationSystem.cs(622,69): warning CS0618: 'Component.Owner' is obsolete: 'Update your API to allow accessing Owner through other means' [F:\Floofdev\HardLight\Content.Server\Content.Server.csproj]
F:\Floofdev\HardLight\Content.Server\Shuttles\ShipSerializationSystem.cs(665,61): warning CS0618: 'Component.Owner' is obsolete: 'Update your API to allow accessing Owner through other means' [F:\Floofdev\HardLight\Content.Server\Content.Server.csproj]
F:\Floofdev\HardLight\Content.Server\Shuttles\ShipSerializationSystem.cs(685,20): warning CS0618: 'Component.Owner' is obsolete: 'Update your API to allow accessing Owner through other means' [F:\Floofdev\HardLight\Content.Server\Content.Server.csproj]
F:\Floofdev\HardLight\Content.Server\Power\NodeGroups\PowerNet.cs(52,77): warning CS0618: 'Component.Owner' is obsolete: 'Update your API to allow accessing Owner through other means' [F:\Floofdev\HardLight\Content.Server\Content.Server.csproj]
F:\Floofdev\HardLight\Content.Server\Power\NodeGroups\PowerNet.cs(65,40): warning CS0618: 'Component.Owner' is obsolete: 'Update your API to allow accessing Owner through other means' [F:\Floofdev\HardLight\Content.Server\Content.Server.csproj]
F:\Floofdev\HardLight\Content.Server\Power\NodeGroups\PowerNet.cs(81,77): warning CS0618: 'Component.Owner' is obsolete: 'Update your API to allow accessing Owner through other means' [F:\Floofdev\HardLight\Content.Server\Content.Server.csproj]
F:\Floofdev\HardLight\Content.Server\Power\NodeGroups\PowerNet.cs(94,40): warning CS0618: 'Component.Owner' is obsolete: 'Update your API to allow accessing Owner through other means' [F:\Floofdev\HardLight\Content.Server\Content.Server.csproj]
F:\Floofdev\HardLight\Content.Server\ParticleAccelerator\EntitySystems\ParticleAcceleratorSystem.ControlBox.cs(183,39): warning CS0618: 'ResolvedSoundSpecifier.implicit operator ResolvedSoundSpecifier(string)' is obsolete: 'String literals for sounds are deprecated, use a SoundSpecifier or ResolvedSoundSpecifier as appropriate instead' [F:\Floofdev\HardLight\Content.Server\Content.Server.csproj]
F:\Floofdev\HardLight\Content.Server\Parallax\BiomeSystem.cs(260,28): warning CS0618: 'IMapManager.GetMapEntityId(MapId)' is obsolete: 'Use MapSystem' [F:\Floofdev\HardLight\Content.Server\Content.Server.csproj]
F:\Floofdev\HardLight\Content.Server\Procedural\DungeonJob\DungeonJob.OreDunGen.cs(25,13): warning CS0219: The variable 'emptyTiles' is assigned but its value is never used [F:\Floofdev\HardLight\Content.Server\Content.Server.csproj]
F:\Floofdev\HardLight\Content.Server\Shuttles\ShipSerializationSystem.cs(1424,38): warning CS0168: The variable 'ex' is declared but never used [F:\Floofdev\HardLight\Content.Server\Content.Server.csproj]
F:\Floofdev\HardLight\Content.Server\Shuttles\ShipSerializationSystem.cs(1454,30): warning CS0168: The variable 'ex' is declared but never used [F:\Floofdev\HardLight\Content.Server\Content.Server.csproj]
F:\Floofdev\HardLight\Content.Server\Parallax\BiomeSystem.cs(969,32): warning CS0618: 'MapGridComponent.GetAnchoredEntitiesEnumerator(Vector2i)' is obsolete: 'Use the MapSystem method' [F:\Floofdev\HardLight\Content.Server\Content.Server.csproj]
F:\Floofdev\HardLight\Content.Server\Shuttles\ShipSerializationSystem.cs(1719,22): warning CS0612: 'ContainerManagerComponent.TryGetContainer(string, out BaseContainer?)' is obsolete [F:\Floofdev\HardLight\Content.Server\Content.Server.csproj]
F:\Floofdev\HardLight\Content.Server\Shuttles\ShipSerializationSystem.cs(1815,33): warning CS0618: 'EntityCoordinates.ToMap(IEntityManager, SharedTransformSystem)' is obsolete: 'Use SharedTransformSystem.ToMapCoordinates()' [F:\Floofdev\HardLight\Content.Server\Content.Server.csproj]
F:\Floofdev\HardLight\Content.Server\Shuttles\ShipSerializationSystem.cs(1904,61): warning CS0618: 'Component.Owner' is obsolete: 'Update your API to allow accessing Owner through other means' [F:\Floofdev\HardLight\Content.Server\Content.Server.csproj]
F:\Floofdev\HardLight\Content.Server\Shuttles\Save\ShipSaveSystem.cs(49,17): warning CS0618: 'Logger.Warning(string)' is obsolete: 'Use ISawmill.Warning' [F:\Floofdev\HardLight\Content.Server\Content.Server.csproj]
F:\Floofdev\HardLight\Content.Server\Shuttles\Save\ShipSaveSystem.cs(55,17): warning CS0618: 'Logger.Warning(string)' is obsolete: 'Use ISawmill.Warning' [F:\Floofdev\HardLight\Content.Server\Content.Server.csproj]
F:\Floofdev\HardLight\Content.Server\Shuttles\Save\ShipSaveSystem.cs(61,17): warning CS0618: 'Logger.Warning(string)' is obsolete: 'Use ISawmill.Warning' [F:\Floofdev\HardLight\Content.Server\Content.Server.csproj]
F:\Floofdev\HardLight\Content.Server\Shuttles\Save\ShipSaveSystem.cs(66,17): warning CS0618: 'Logger.Warning(string)' is obsolete: 'Use ISawmill.Warning' [F:\Floofdev\HardLight\Content.Server\Content.Server.csproj]
F:\Floofdev\HardLight\Content.Server\Shuttles\Save\ShipSaveSystem.cs(78,13): warning CS0618: 'Logger.Info(string)' is obsolete: 'Use ISawmill.Info' [F:\Floofdev\HardLight\Content.Server\Content.Server.csproj]
F:\Floofdev\HardLight\Content.Server\Shuttles\Save\ShipSaveSystem.cs(82,13): warning CS0618: 'Logger.Info(string)' is obsolete: 'Use ISawmill.Info' [F:\Floofdev\HardLight\Content.Server\Content.Server.csproj]
F:\Floofdev\HardLight\Content.Server\Objectives\Systems\StealConditionSystem.cs(115,43): warning CS0618: 'Component.Owner' is obsolete: 'Update your API to allow accessing Owner through other means' [F:\Floofdev\HardLight\Content.Server\Content.Server.csproj]
F:\Floofdev\HardLight\Content.Server\Shuttles\Save\ShipSaveSystem.cs(88,17): warning CS0618: 'Logger.Warning(string)' is obsolete: 'Use ISawmill.Warning' [F:\Floofdev\HardLight\Content.Server\Content.Server.csproj]
F:\Floofdev\HardLight\Content.Server\Shuttles\Save\ShipSaveSystem.cs(94,17): warning CS0618: 'Logger.Warning(string)' is obsolete: 'Use ISawmill.Warning' [F:\Floofdev\HardLight\Content.Server\Content.Server.csproj]
F:\Floofdev\HardLight\Content.Server\Shuttles\Save\ShipSaveSystem.cs(100,17): warning CS0618: 'Logger.Warning(string)' is obsolete: 'Use ISawmill.Warning' [F:\Floofdev\HardLight\Content.Server\Content.Server.csproj]
F:\Floofdev\HardLight\Content.Server\Shuttles\Save\ShipSaveSystem.cs(112,13): warning CS0618: 'Logger.Info(string)' is obsolete: 'Use ISawmill.Info' [F:\Floofdev\HardLight\Content.Server\Content.Server.csproj]
F:\Floofdev\HardLight\Content.Server\Shuttles\Save\ShipSaveSystem.cs(116,13): warning CS0618: 'Logger.Info(string)' is obsolete: 'Use ISawmill.Info' [F:\Floofdev\HardLight\Content.Server\Content.Server.csproj]
F:\Floofdev\HardLight\Content.Server\Shuttles\Save\ShipSaveSystem.cs(125,13): warning CS0618: 'Logger.Info(string)' is obsolete: 'Use ISawmill.Info' [F:\Floofdev\HardLight\Content.Server\Content.Server.csproj]
F:\Floofdev\HardLight\Content.Server\Shuttles\Save\ShipSaveSystem.cs(139,13): warning CS0618: 'Logger.Info(string)' is obsolete: 'Use ISawmill.Info' [F:\Floofdev\HardLight\Content.Server\Content.Server.csproj]
F:\Floofdev\HardLight\Content.Server\Nuke\NukeSystem.cs(52,56): warning CS0618: 'ResolvedSoundSpecifier.implicit operator ResolvedSoundSpecifier(string)' is obsolete: 'String literals for sounds are deprecated, use a SoundSpecifier or ResolvedSoundSpecifier as appropriate instead' [F:\Floofdev\HardLight\Content.Server\Content.Server.csproj]
F:\Floofdev\HardLight\Content.Server\NodeContainer\Nodes\PortPipeNode.cs(18,29): warning CS0618: 'MapGridComponent.TileIndicesFor(EntityCoordinates)' is obsolete: 'Use the MapSystem method' [F:\Floofdev\HardLight\Content.Server\Content.Server.csproj]
F:\Floofdev\HardLight\Content.Server\NodeContainer\Nodes\PortablePipeNode.cs(18,29): warning CS0618: 'MapGridComponent.TileIndicesFor(EntityCoordinates)' is obsolete: 'Use the MapSystem method' [F:\Floofdev\HardLight\Content.Server\Content.Server.csproj]
F:\Floofdev\HardLight\Content.Server\NodeContainer\Nodes\PipeNode.cs(180,23): warning CS0618: 'MapGridComponent.TileIndicesFor(EntityCoordinates)' is obsolete: 'Use the MapSystem method' [F:\Floofdev\HardLight\Content.Server\Content.Server.csproj]
F:\Floofdev\HardLight\Content.Server\NPC\Systems\NPCUtilitySystem.cs(234,21): warning CS0618: 'SharedContainerSystem.TryGetContainingContainer(EntityUid, out BaseContainer?, MetaDataComponent?, TransformComponent?)' is obsolete: 'Use Entity<T> variant' [F:\Floofdev\HardLight\Content.Server\Content.Server.csproj]
F:\Floofdev\HardLight\Content.Server\NodeContainer\Nodes\PipeNode.cs(220,36): warning CS0618: 'MapGridComponent.GetAnchoredEntities(Vector2i)' is obsolete: 'Use the MapSystem method' [F:\Floofdev\HardLight\Content.Server\Content.Server.csproj]
F:\Floofdev\HardLight\Content.Server\NodeContainer\Nodes\NodeHelpers.cs(14,39): warning CS0618: 'MapGridComponent.GetAnchoredEntities(Vector2i)' is obsolete: 'Use the MapSystem method' [F:\Floofdev\HardLight\Content.Server\Content.Server.csproj]
F:\Floofdev\HardLight\Content.Server\NodeContainer\Nodes\NodeHelpers.cs(52,37): warning CS0618: 'MapGridComponent.GetAnchoredEntities(Vector2i)' is obsolete: 'Use the MapSystem method' [F:\Floofdev\HardLight\Content.Server\Content.Server.csproj]
F:\Floofdev\HardLight\Content.Server\NodeContainer\Nodes\NodeHelpers.cs(56,33): warning CS0618: 'MapGridComponent.GetAnchoredEntities(Vector2i)' is obsolete: 'Use the MapSystem method' [F:\Floofdev\HardLight\Content.Server\Content.Server.csproj]
F:\Floofdev\HardLight\Content.Server\NodeContainer\Nodes\NodeHelpers.cs(59,33): warning CS0618: 'MapGridComponent.GetAnchoredEntities(Vector2i)' is obsolete: 'Use the MapSystem method' [F:\Floofdev\HardLight\Content.Server\Content.Server.csproj]
F:\Floofdev\HardLight\Content.Server\NodeContainer\Nodes\NodeHelpers.cs(62,33): warning CS0618: 'MapGridComponent.GetAnchoredEntities(Vector2i)' is obsolete: 'Use the MapSystem method' [F:\Floofdev\HardLight\Content.Server\Content.Server.csproj]
F:\Floofdev\HardLight\Content.Server\NodeContainer\Nodes\NodeHelpers.cs(65,33): warning CS0618: 'MapGridComponent.GetAnchoredEntities(Vector2i)' is obsolete: 'Use the MapSystem method' [F:\Floofdev\HardLight\Content.Server\Content.Server.csproj]
F:\Floofdev\HardLight\Content.Server\NodeContainer\Nodes\AdjacentNode.cs(21,29): warning CS0618: 'MapGridComponent.TileIndicesFor(EntityCoordinates)' is obsolete: 'Use the MapSystem method' [F:\Floofdev\HardLight\Content.Server\Content.Server.csproj]
F:\Floofdev\HardLight\Content.Server\MoMMI\MoMMILink.cs(51,17): warning CS0618: 'Logger.WarningS(string, string)' is obsolete: 'Use ISawmill.Warning' [F:\Floofdev\HardLight\Content.Server\Content.Server.csproj]
F:\Floofdev\HardLight\Content.Server\Mind\MindSystem.cs(295,9): warning CS0618: 'PvsOverrideSystem.ClearOverride(NetEntity)' is obsolete: 'Don't use this, clear specific overrides' [F:\Floofdev\HardLight\Content.Server\Content.Server.csproj]
F:\Floofdev\HardLight\Content.Server\Maps\PlanetCommand.cs(50,14): warning CS0618: 'IMapManager.MapExists(MapId?)' is obsolete: 'Use MapSystem' [F:\Floofdev\HardLight\Content.Server\Content.Server.csproj]
F:\Floofdev\HardLight\Content.Server\Maps\PlanetCommand.cs(63,22): warning CS0618: 'IMapManager.GetMapEntityId(MapId)' is obsolete: 'Use MapSystem' [F:\Floofdev\HardLight\Content.Server\Content.Server.csproj]
F:\Floofdev\HardLight\Content.Server\Light\EntitySystems\PoweredLightSystem.cs(328,13): warning CS0618: 'TimerExtensions.SpawnTimer(EntityUid, TimeSpan, Action, CancellationToken)' is obsolete: 'Use a system update loop instead' [F:\Floofdev\HardLight\Content.Server\Content.Server.csproj]
F:\Floofdev\HardLight\Content.Server\NPC\Systems\NPCCombatSystem.Ranged.cs(194,67): warning CS0618: 'MapGridComponent.WorldToLocal(Vector2)' is obsolete: 'Use the MapSystem method' [F:\Floofdev\HardLight\Content.Server\Content.Server.csproj]
F:\Floofdev\HardLight\Content.Server\Instruments\InstrumentComponent.cs(20,60): warning CS0618: 'Component.Owner' is obsolete: 'Update your API to allow accessing Owner through other means' [F:\Floofdev\HardLight\Content.Server\Content.Server.csproj]
F:\Floofdev\HardLight\Content.Server\Instruments\InstrumentComponent.cs(21,55): warning CS0618: 'Component.Owner' is obsolete: 'Update your API to allow accessing Owner through other means' [F:\Floofdev\HardLight\Content.Server\Content.Server.csproj]
F:\Floofdev\HardLight\Content.Server\InteractionVerbs\Actions\ChatMessageAction.cs(51,14): warning CS0618: 'Loc.TryGetString(string, out string?, params (string, object)[])' is obsolete: 'Use ILocalizationManager' [F:\Floofdev\HardLight\Content.Server\Content.Server.csproj]
F:\Floofdev\HardLight\Content.Server\Hands\Systems\HandsSystem.cs(232,29): warning CS0618: 'EntityCoordinates.ToMapPos(IEntityManager, SharedTransformSystem)' is obsolete: 'Use SharedTransformSystem.ToMapCoordinates()' [F:\Floofdev\HardLight\Content.Server\Content.Server.csproj]
F:\Floofdev\HardLight\Content.Server\Hands\Systems\HandsSystem.cs(232,85): warning CS0618: 'TransformComponent.WorldPosition' is obsolete: 'Use the system method instead' [F:\Floofdev\HardLight\Content.Server\Content.Server.csproj]
F:\Floofdev\HardLight\Content.Server\NPC\Pathfinding\PathfindingSystem.Grid.cs(56,31): warning CS0618: 'MapGridComponent.GridTileToLocal(Vector2i)' is obsolete: 'Use the MapSystem method' [F:\Floofdev\HardLight\Content.Server\Content.Server.csproj]
F:\Floofdev\HardLight\Content.Server\NPC\Pathfinding\PathfindingSystem.Grid.cs(306,42): warning CS0618: 'MapGridComponent.GridTileToLocal(Vector2i)' is obsolete: 'Use the MapSystem method' [F:\Floofdev\HardLight\Content.Server\Content.Server.csproj]
F:\Floofdev\HardLight\Content.Server\Gateway\Systems\GatewayGeneratorSystem.cs(103,21): warning CS0618: 'IMapManager.CreateMap(MapId?)' is obsolete: 'Use MapSystem' [F:\Floofdev\HardLight\Content.Server\Content.Server.csproj]
F:\Floofdev\HardLight\Content.Server\Gateway\Systems\GatewayGeneratorSystem.cs(104,22): warning CS0618: 'IMapManager.GetMapEntityId(MapId)' is obsolete: 'Use MapSystem' [F:\Floofdev\HardLight\Content.Server\Content.Server.csproj]
F:\Floofdev\HardLight\Content.Server\Flash\FlashSystem.cs(104,13): warning CS0618: 'TimerExtensions.SpawnTimer(EntityUid, int, Action, CancellationToken)' is obsolete: 'Use a system update loop instead' [F:\Floofdev\HardLight\Content.Server\Content.Server.csproj]
F:\Floofdev\HardLight\Content.Server\Explosion\EntitySystems\TriggerSystem.cs(148,18): warning CS0618: 'SharedContainerSystem.TryGetContainingContainer(EntityUid, out BaseContainer?, MetaDataComponent?, TransformComponent?)' is obsolete: 'Use Entity<T> variant' [F:\Floofdev\HardLight\Content.Server\Content.Server.csproj]
F:\Floofdev\HardLight\Content.Server\Explosion\EntitySystems\TriggerSystem.cs(268,23): warning CS0618: 'TransformComponent.MapPosition' is obsolete: 'Use TransformSystem.GetMapCoordinates' [F:\Floofdev\HardLight\Content.Server\Content.Server.csproj]
F:\Floofdev\HardLight\Content.Server\Fax\FaxSystem.cs(667,33): warning CS0618: 'ResolvedSoundSpecifier.implicit operator ResolvedSoundSpecifier(string)' is obsolete: 'String literals for sounds are deprecated, use a SoundSpecifier or ResolvedSoundSpecifier as appropriate instead' [F:\Floofdev\HardLight\Content.Server\Content.Server.csproj]
F:\Floofdev\HardLight\Content.Server\EUI\EuiManager.cs(102,17): warning CS0618: 'Logger.WarningS(string, string)' is obsolete: 'Use ISawmill.Warning' [F:\Floofdev\HardLight\Content.Server\Content.Server.csproj]
F:\Floofdev\HardLight\Content.Server\Entry\EntryPoint.cs(228,18): warning CS8321: The local function 'Load' is declared but never used [F:\Floofdev\HardLight\Content.Server\Content.Server.csproj]
F:\Floofdev\HardLight\Content.Server\Engineering\EntitySystems\SpawnAfterInteractSystem.cs(37,18): warning CS0618: 'MapGridComponent.TryGetTileRef(EntityCoordinates, out TileRef)' is obsolete: 'Use the MapSystem method' [F:\Floofdev\HardLight\Content.Server\Content.Server.csproj]
F:\Floofdev\HardLight\Content.Server\Engineering\EntitySystems\SpawnAfterInteractSystem.cs(50,104): warning CS0618: 'AwaitedDoAfterEvent' is obsolete: 'Dont use async DoAfters' [F:\Floofdev\HardLight\Content.Server\Content.Server.csproj]
F:\Floofdev\HardLight\Content.Server\Engineering\EntitySystems\SpawnAfterInteractSystem.cs(54,36): warning CS0618: 'SharedDoAfterSystem.WaitDoAfter(DoAfterArgs, DoAfterComponent?)' is obsolete: 'Use the synchronous version instead.' [F:\Floofdev\HardLight\Content.Server\Content.Server.csproj]
F:\Floofdev\HardLight\Content.Server\Dragon\DragonRiftSystem.cs(86,35): warning CS0618: 'ResolvedSoundSpecifier.implicit operator ResolvedSoundSpecifier(string)' is obsolete: 'String literals for sounds are deprecated, use a SoundSpecifier or ResolvedSoundSpecifier as appropriate instead' [F:\Floofdev\HardLight\Content.Server\Content.Server.csproj]
F:\Floofdev\HardLight\Content.Server\Explosion\EntitySystems\SmokeOnTriggerSystem.cs(35,14): warning CS0618: 'MapGridComponent.TryGetTileRef(EntityCoordinates, out TileRef)' is obsolete: 'Use the MapSystem method' [F:\Floofdev\HardLight\Content.Server\Content.Server.csproj]
F:\Floofdev\HardLight\Content.Server\Explosion\EntitySystems\SmokeOnTriggerSystem.cs(44,22): warning CS0618: 'MapGridComponent.MapToGrid(MapCoordinates)' is obsolete: 'Use the MapSystem method' [F:\Floofdev\HardLight\Content.Server\Content.Server.csproj]
F:\Floofdev\HardLight\Content.Server\DeviceNetwork\Systems\DeviceNetworkSystem.cs(349,21): warning CS0618: 'Component.Owner' is obsolete: 'Update your API to allow accessing Owner through other means' [F:\Floofdev\HardLight\Content.Server\Content.Server.csproj]
F:\Floofdev\HardLight\Content.Server\DeviceNetwork\Systems\DeviceNetworkSystem.cs(353,33): warning CS0618: 'Component.Owner' is obsolete: 'Update your API to allow accessing Owner through other means' [F:\Floofdev\HardLight\Content.Server\Content.Server.csproj]
F:\Floofdev\HardLight\Content.Server\DeviceNetwork\Systems\DeviceNetworkSystem.cs(356,37): warning CS0618: 'Component.Owner' is obsolete: 'Update your API to allow accessing Owner through other means' [F:\Floofdev\HardLight\Content.Server\Content.Server.csproj]
F:\Floofdev\HardLight\Content.Server\DeviceNetwork\Systems\DeviceListSystem.cs(99,44): warning CS0618: 'Component.Owner' is obsolete: 'Update your API to allow accessing Owner through other means' [F:\Floofdev\HardLight\Content.Server\Content.Server.csproj]
F:\Floofdev\HardLight\Content.Server\EntityEffects\Effects\MovespeedModifier.cs(76,9): warning CS0612: 'Component.Dirty(IEntityManager?)' is obsolete [F:\Floofdev\HardLight\Content.Server\Content.Server.csproj]
F:\Floofdev\HardLight\Content.Server\DeviceNetwork\Systems\ApcNetworkSystem.cs(41,48): warning CS0618: 'Component.Owner' is obsolete: 'Update your API to allow accessing Owner through other means' [F:\Floofdev\HardLight\Content.Server\Content.Server.csproj]
F:\Floofdev\HardLight\Content.Server\EntityEffects\Effects\AreaReactionEffect.cs(88,61): warning CS0618: 'AudioHelpers.WithVariation(float)' is obsolete: 'Use AudioParams.Variation data-field' [F:\Floofdev\HardLight\Content.Server\Content.Server.csproj]
F:\Floofdev\HardLight\Content.Server\EntityEffects\EffectConditions\JobCondition.cs(31,17): warning CS0618: 'Logger.Error(string)' is obsolete: 'Use ISawmill.Error' [F:\Floofdev\HardLight\Content.Server\Content.Server.csproj]
F:\Floofdev\HardLight\Content.Server\EntityEffects\EffectConditions\JobCondition.cs(37,17): warning CS0618: 'Logger.Error(string)' is obsolete: 'Use ISawmill.Error' [F:\Floofdev\HardLight\Content.Server\Content.Server.csproj]
F:\Floofdev\HardLight\Content.Server\GameTicking\GameTicker.Player.cs(133,25): warning CS0618: 'PvsOverrideSystem.ClearOverride(NetEntity)' is obsolete: 'Don't use this, clear specific overrides' [F:\Floofdev\HardLight\Content.Server\Content.Server.csproj]
F:\Floofdev\HardLight\Content.Server\GameTicking\GameTicker.RoundFlow.cs(107,17): warning CS0618: 'IMapManager.MapExists(MapId?)' is obsolete: 'Use MapSystem' [F:\Floofdev\HardLight\Content.Server\Content.Server.csproj]
F:\Floofdev\HardLight\Content.Server\GameTicking\GameTicker.RoundFlow.cs(447,47): warning CS0618: 'IMapManager.GetMapEntityId(MapId)' is obsolete: 'Use MapSystem' [F:\Floofdev\HardLight\Content.Server\Content.Server.csproj]
F:\Floofdev\HardLight\Content.Server\GameTicking\GameTicker.RoundFlow.cs(445,21): warning CS8073: The result of the expression is always 'true' since a value of type 'MapId' is never equal to 'null' of type 'MapId?' [F:\Floofdev\HardLight\Content.Server\Content.Server.csproj]
F:\Floofdev\HardLight\Content.Server\GameTicking\GameTicker.RoundFlow.cs(556,39): warning CS0618: 'IMapManager.GetMapEntityId(MapId)' is obsolete: 'Use MapSystem' [F:\Floofdev\HardLight\Content.Server\Content.Server.csproj]
F:\Floofdev\HardLight\Content.Server\GameTicking\GameTicker.RoundFlow.cs(557,17): warning CS8073: The result of the expression is always 'true' since a value of type 'MapId' is never equal to 'null' of type 'MapId?' [F:\Floofdev\HardLight\Content.Server\Content.Server.csproj]
F:\Floofdev\HardLight\Content.Server\Chemistry\TileReactions\CreateEntityTileReaction.cs(49,37): warning CS0618: 'TurfHelpers.GetEntitiesInTile(TileRef, LookupFlags, EntityLookupSystem?)' is obsolete: 'Use the lookup system' [F:\Floofdev\HardLight\Content.Server\Content.Server.csproj]
F:\Floofdev\HardLight\Content.Server\GameTicking\GameTicker.RoundFlow.cs(809,33): warning CS0618: 'EntitySystem.Get<T>()' is obsolete: 'Either use a dependency, resolve and cache IEntityManager manually, or use EntityManager.System<T>()' [F:\Floofdev\HardLight\Content.Server\Content.Server.csproj]
F:\Floofdev\HardLight\Content.Server\GameTicking\GameTicker.RoundFlow.cs(812,45): warning CS0618: 'Component.Owner' is obsolete: 'Update your API to allow accessing Owner through other means' [F:\Floofdev\HardLight\Content.Server\Content.Server.csproj]
F:\Floofdev\HardLight\Content.Server\GameTicking\GameTicker.RoundFlow.cs(844,49): warning CS0618: 'Component.Owner' is obsolete: 'Update your API to allow accessing Owner through other means' [F:\Floofdev\HardLight\Content.Server\Content.Server.csproj]
F:\Floofdev\HardLight\Content.Server\GameTicking\GameTicker.RoundFlow.cs(851,52): warning CS0618: 'Component.Owner' is obsolete: 'Update your API to allow accessing Owner through other means' [F:\Floofdev\HardLight\Content.Server\Content.Server.csproj]
F:\Floofdev\HardLight\Content.Server\Construction\ConstructionSystem.Graph.cs(367,13): warning CS0618: 'TransformComponent.Anchored.set' is obsolete: 'Use the SharedTransformSystem.AnchorEntity/Unanchor methods instead.' [F:\Floofdev\HardLight\Content.Server\Content.Server.csproj]
F:\Floofdev\HardLight\Content.Server\Cloning\CloningConsoleSystem.cs(270,25): warning CS0162: Unreachable code detected [F:\Floofdev\HardLight\Content.Server\Content.Server.csproj]
F:\Floofdev\HardLight\Content.Server\Construction\ConstructionSystem.Initial.cs(91,78): warning CS0618: 'SharedContainerSystem.IsInSameOrParentContainer(EntityUid, EntityUid)' is obsolete: 'Use Entity<T> variant' [F:\Floofdev\HardLight\Content.Server\Content.Server.csproj]
F:\Floofdev\HardLight\Content.Server\Chat\Systems\ChatSystem.cs(334,59): warning CS0618: 'ResolvedSoundSpecifier.implicit operator ResolvedSoundSpecifier(string)' is obsolete: 'String literals for sounds are deprecated, use a SoundSpecifier or ResolvedSoundSpecifier as appropriate instead' [F:\Floofdev\HardLight\Content.Server\Content.Server.csproj]
F:\Floofdev\HardLight\Content.Server\Chat\Systems\ChatSystem.cs(364,31): warning CS0618: 'ResolvedSoundSpecifier.implicit operator ResolvedSoundSpecifier(string)' is obsolete: 'String literals for sounds are deprecated, use a SoundSpecifier or ResolvedSoundSpecifier as appropriate instead' [F:\Floofdev\HardLight\Content.Server\Content.Server.csproj]
F:\Floofdev\HardLight\Content.Server\GameTicking\GameTicker.Spawning.cs(465,17): warning CS0618: 'IMapManager.MapExists(MapId?)' is obsolete: 'Use MapSystem' [F:\Floofdev\HardLight\Content.Server\Content.Server.csproj]
F:\Floofdev\HardLight\Content.Server\GameTicking\GameTicker.Spawning.cs(467,30): warning CS0618: 'IMapManager.GetMapEntityId(MapId)' is obsolete: 'Use MapSystem' [F:\Floofdev\HardLight\Content.Server\Content.Server.csproj]
F:\Floofdev\HardLight\Content.Server\GameTicking\GameTicker.Spawning.cs(473,33): warning CS0618: 'IMapManager.GetAllMapIds()' is obsolete: 'Use MapSystem' [F:\Floofdev\HardLight\Content.Server\Content.Server.csproj]
F:\Floofdev\HardLight\Content.Server\GameTicking\GameTicker.Spawning.cs(475,30): warning CS0618: 'IMapManager.GetMapEntityId(MapId)' is obsolete: 'Use MapSystem' [F:\Floofdev\HardLight\Content.Server\Content.Server.csproj]
F:\Floofdev\HardLight\Content.Server\Chat\Systems\ChatSystem.cs(404,31): warning CS0618: 'ResolvedSoundSpecifier.implicit operator ResolvedSoundSpecifier(string)' is obsolete: 'String literals for sounds are deprecated, use a SoundSpecifier or ResolvedSoundSpecifier as appropriate instead' [F:\Floofdev\HardLight\Content.Server\Content.Server.csproj]
F:\Floofdev\HardLight\Content.Server\Connection\ConnectionManager.cs(251,29): warning CS0618: 'EntitySystem.TryGet<T>(out T?)' is obsolete: 'Either use a dependency, resolve and cache IEntityManager manually, or use EntityManager.System<T>()' [F:\Floofdev\HardLight\Content.Server\Content.Server.csproj]
F:\Floofdev\HardLight\Content.Server\Construction\ConstructionSystem.Initial.cs(257,85): warning CS0618: 'AwaitedDoAfterEvent' is obsolete: 'Dont use async DoAfters' [F:\Floofdev\HardLight\Content.Server\Content.Server.csproj]
F:\Floofdev\HardLight\Content.Server\Construction\ConstructionSystem.Initial.cs(267,23): warning CS0618: 'SharedDoAfterSystem.WaitDoAfter(DoAfterArgs, DoAfterComponent?)' is obsolete: 'Use the synchronous version instead.' [F:\Floofdev\HardLight\Content.Server\Content.Server.csproj]
F:\Floofdev\HardLight\Content.Server\Chat\Systems\ChatSystem.cs(639,25): warning CS0618: 'FormattedMessage.RemoveMarkup(string)' is obsolete: 'Use RemoveMarkupOrThrow or RemoveMarkupPermissive' [F:\Floofdev\HardLight\Content.Server\Content.Server.csproj]
F:\Floofdev\HardLight\Content.Server\Chat\Managers\ChatManager.cs(113,9): warning CS0618: 'Logger.InfoS(string, string)' is obsolete: 'Use ISawmill.Info' [F:\Floofdev\HardLight\Content.Server\Content.Server.csproj]
F:\Floofdev\HardLight\Content.Server\Construction\Conditions\ComponentInTile.cs(61,28): warning CS0618: 'TurfHelpers.GetEntitiesInTile(TileRef, LookupFlags, EntityLookupSystem?)' is obsolete: 'Use the lookup system' [F:\Floofdev\HardLight\Content.Server\Content.Server.csproj]
F:\Floofdev\HardLight\Content.Server\Atmos\Serialization\TileAtmosCollectionSerializer.cs(51,25): warning CS0618: 'Logger.Error(string)' is obsolete: 'Use ISawmill.Error' [F:\Floofdev\HardLight\Content.Server\Content.Server.csproj]
F:\Floofdev\HardLight\Content.Server\Atmos\Serialization\TileAtmosCollectionSerializer.cs(94,37): warning CS0618: 'Logger.Error(string)' is obsolete: 'Use ISawmill.Error' [F:\Floofdev\HardLight\Content.Server\Content.Server.csproj]
F:\Floofdev\HardLight\Content.Server\Anomaly\Effects\ProjectileAnomalySystem.cs(88,23): warning CS0618: 'IMapManager.GetMapEntityId(MapId)' is obsolete: 'Use MapSystem' [F:\Floofdev\HardLight\Content.Server\Content.Server.csproj]
F:\Floofdev\HardLight\Content.Server\Construction\Completions\BuildMech.cs(31,13): warning CS0618: 'Logger.Warning(string)' is obsolete: 'Use ISawmill.Warning' [F:\Floofdev\HardLight\Content.Server\Content.Server.csproj]
F:\Floofdev\HardLight\Content.Server\Construction\Completions\BuildMech.cs(40,13): warning CS0618: 'Logger.Warning(string)' is obsolete: 'Use ISawmill.Warning' [F:\Floofdev\HardLight\Content.Server\Content.Server.csproj]
F:\Floofdev\HardLight\Content.Server\Construction\Completions\BuildMech.cs(46,13): warning CS0618: 'Logger.Warning(string)' is obsolete: 'Use ISawmill.Warning' [F:\Floofdev\HardLight\Content.Server\Content.Server.csproj]
F:\Floofdev\HardLight\Content.Server\Construction\Completions\BuildMech.cs(53,13): warning CS0618: 'Logger.Warning(string)' is obsolete: 'Use ISawmill.Warning' [F:\Floofdev\HardLight\Content.Server\Content.Server.csproj]
F:\Floofdev\HardLight\Content.Server\_EinsteinEngines\Power\Systems\BatteryDrinkerSystem.cs(112,13): warning CS8073: The result of the expression is always 'false' since a value of type 'EntityUid' is never equal to 'null' of type 'EntityUid?' [F:\Floofdev\HardLight\Content.Server\Content.Server.csproj]
F:\Floofdev\HardLight\Content.Server\Worldgen\Systems\Debris\SimpleFloorPlanPopulatorSystem.cs(32,26): warning CS0618: 'MapGridComponent.GridTileToLocal(Vector2i)' is obsolete: 'Use the MapSystem method' [F:\Floofdev\HardLight\Content.Server\Content.Server.csproj]
F:\Floofdev\HardLight\Content.Server\Administration\Systems\AdminSystem.cs(418,35): warning CS0618: 'ResolvedSoundSpecifier.implicit operator ResolvedSoundSpecifier(string)' is obsolete: 'String literals for sounds are deprecated, use a SoundSpecifier or ResolvedSoundSpecifier as appropriate instead' [F:\Floofdev\HardLight\Content.Server\Content.Server.csproj]
F:\Floofdev\HardLight\Content.Server\Administration\Notes\UserNotesEui.cs(25,13): warning CS0618: 'Logger.WarningS(string, string)' is obsolete: 'Use ISawmill.Warning' [F:\Floofdev\HardLight\Content.Server\Content.Server.csproj]
F:\Floofdev\HardLight\Content.Server\Administration\Notes\UserNotesEui.cs(42,13): warning CS0618: 'Logger.WarningS(string, string)' is obsolete: 'Use ISawmill.Warning' [F:\Floofdev\HardLight\Content.Server\Content.Server.csproj]
F:\Floofdev\HardLight\Content.Server\Station\Systems\StationBiomeSystem.cs(31,22): warning CS0618: 'IMapManager.GetMapEntityId(MapId)' is obsolete: 'Use MapSystem' [F:\Floofdev\HardLight\Content.Server\Content.Server.csproj]
F:\Floofdev\HardLight\Content.Server\StationEvents\Events\ImmovableRodRule.cs(38,31): warning CS0618: 'EntityCoordinates.ToMap(IEntityManager, SharedTransformSystem)' is obsolete: 'Use SharedTransformSystem.ToMapCoordinates()' [F:\Floofdev\HardLight\Content.Server\Content.Server.csproj]
F:\Floofdev\HardLight\Content.Server\Power\EntitySystems\PowerReceiverSystem.cs(83,31): warning CS0618: 'Component.Owner' is obsolete: 'Update your API to allow accessing Owner through other means' [F:\Floofdev\HardLight\Content.Server\Content.Server.csproj]
F:\Floofdev\HardLight\Content.Server\Power\Generation\Teg\TegNodeGroup.cs(189,25): warning CS0618: 'MapGridComponent.TileIndicesFor(EntityCoordinates)' is obsolete: 'Use the MapSystem method' [F:\Floofdev\HardLight\Content.Server\Content.Server.csproj]
F:\Floofdev\HardLight\Content.Server\Power\Generation\Teg\TegNodeGroup.cs(137,25): warning CS0618: 'MapGridComponent.TileIndicesFor(EntityCoordinates)' is obsolete: 'Use the MapSystem method' [F:\Floofdev\HardLight\Content.Server\Content.Server.csproj]
F:\Floofdev\HardLight\Content.Server\Power\EntitySystems\PowerNetSystem.cs(473,60): warning CS0618: 'Component.Owner' is obsolete: 'Update your API to allow accessing Owner through other means' [F:\Floofdev\HardLight\Content.Server\Content.Server.csproj]
F:\Floofdev\HardLight\Content.Server\Power\EntitySystems\PowerNetSystem.cs(494,57): warning CS0618: 'Component.Owner' is obsolete: 'Update your API to allow accessing Owner through other means' [F:\Floofdev\HardLight\Content.Server\Content.Server.csproj]
F:\Floofdev\HardLight\Content.Server\Power\EntitySystems\PowerNetSystem.cs(501,57): warning CS0618: 'Component.Owner' is obsolete: 'Update your API to allow accessing Owner through other means' [F:\Floofdev\HardLight\Content.Server\Content.Server.csproj]
F:\Floofdev\HardLight\Content.Server\Power\Components\PowerMonitoringDeviceComponent.cs(61,51): warning CS0618: 'Component.Owner' is obsolete: 'Update your API to allow accessing Owner through other means' [F:\Floofdev\HardLight\Content.Server\Content.Server.csproj]
F:\Floofdev\HardLight\Content.Server\Power\EntitySystems\PowerMonitoringConsoleSystem.cs(529,23): warning CS0618: 'Component.Owner' is obsolete: 'Update your API to allow accessing Owner through other means' [F:\Floofdev\HardLight\Content.Server\Content.Server.csproj]
F:\Floofdev\HardLight\Content.Server\Power\EntitySystems\PowerMonitoringConsoleSystem.cs(556,23): warning CS0618: 'Component.Owner' is obsolete: 'Update your API to allow accessing Owner through other means' [F:\Floofdev\HardLight\Content.Server\Content.Server.csproj]
F:\Floofdev\HardLight\Content.Server\Power\EntitySystems\PowerMonitoringConsoleSystem.cs(594,23): warning CS0618: 'Component.Owner' is obsolete: 'Update your API to allow accessing Owner through other means' [F:\Floofdev\HardLight\Content.Server\Content.Server.csproj]
F:\Floofdev\HardLight\Content.Server\Power\EntitySystems\PowerMonitoringConsoleSystem.cs(643,23): warning CS0618: 'Component.Owner' is obsolete: 'Update your API to allow accessing Owner through other means' [F:\Floofdev\HardLight\Content.Server\Content.Server.csproj]
F:\Floofdev\HardLight\Content.Server\Power\EntitySystems\PowerMonitoringConsoleSystem.cs(670,23): warning CS0618: 'Component.Owner' is obsolete: 'Update your API to allow accessing Owner through other means' [F:\Floofdev\HardLight\Content.Server\Content.Server.csproj]
F:\Floofdev\HardLight\Content.Server\Power\Components\CableComponent.cs(45,32): warning CS0618: 'Component.Owner' is obsolete: 'Update your API to allow accessing Owner through other means' [F:\Floofdev\HardLight\Content.Server\Content.Server.csproj]
F:\Floofdev\HardLight\Content.Server\Power\Components\BaseNetConnectorComponent.cs(59,41): warning CS0618: 'Component.Owner' is obsolete: 'Update your API to allow accessing Owner through other means' [F:\Floofdev\HardLight\Content.Server\Content.Server.csproj]
F:\Floofdev\HardLight\Content.Server\Power\Components\ApcComponent.cs(41,23): warning CS0618: 'Component.Owner' is obsolete: 'Update your API to allow accessing Owner through other means' [F:\Floofdev\HardLight\Content.Server\Content.Server.csproj]
F:\Floofdev\HardLight\Content.Server\Power\Components\ApcComponent.cs(46,26): warning CS0618: 'Component.Owner' is obsolete: 'Update your API to allow accessing Owner through other means' [F:\Floofdev\HardLight\Content.Server\Content.Server.csproj]
F:\Floofdev\HardLight\Content.Server\Power\EntitySystems\CableVisSystem.cs(34,24): warning CS0618: 'MapGridComponent.TileIndicesFor(EntityCoordinates)' is obsolete: 'Use the MapSystem method' [F:\Floofdev\HardLight\Content.Server\Content.Server.csproj]
F:\Floofdev\HardLight\Content.Server\Power\EntitySystems\CableVisSystem.cs(42,33): warning CS0618: 'MapGridComponent.TileIndicesFor(EntityCoordinates)' is obsolete: 'Use the MapSystem method' [F:\Floofdev\HardLight\Content.Server\Content.Server.csproj]
F:\Floofdev\HardLight\Content.Server\Medical\BiomassReclaimer\BiomassReclaimerSystem.cs(138,40): warning CS0618: 'ResolvedSoundSpecifier.implicit operator ResolvedSoundSpecifier(string)' is obsolete: 'String literals for sounds are deprecated, use a SoundSpecifier or ResolvedSoundSpecifier as appropriate instead' [F:\Floofdev\HardLight\Content.Server\Content.Server.csproj]
F:\Floofdev\HardLight\Content.Server\Explosion\EntitySystems\ExplosionSystem.Processing.cs(736,67): warning CS0618: 'Component.Owner' is obsolete: 'Update your API to allow accessing Owner through other means' [F:\Floofdev\HardLight\Content.Server\Content.Server.csproj]
F:\Floofdev\HardLight\Content.Server\Explosion\EntitySystems\ExplosionSystem.Processing.cs(787,93): warning CS0618: 'Component.Owner' is obsolete: 'Update your API to allow accessing Owner through other means' [F:\Floofdev\HardLight\Content.Server\Content.Server.csproj]
F:\Floofdev\HardLight\Content.Server\Explosion\EntitySystems\ExplosionSystem.Processing.cs(843,17): warning CS0618: 'MapGridComponent.TryGetTileRef(Vector2i, out TileRef)' is obsolete: 'Use the MapSystem method' [F:\Floofdev\HardLight\Content.Server\Content.Server.csproj]
F:\Floofdev\HardLight\Content.Server\Explosion\EntitySystems\ExplosionSystem.Processing.cs(855,22): warning CS0618: 'Component.Owner' is obsolete: 'Update your API to allow accessing Owner through other means' [F:\Floofdev\HardLight\Content.Server\Content.Server.csproj]
F:\Floofdev\HardLight\Content.Server\Explosion\EntitySystems\ExplosionSystem.Processing.cs(904,56): warning CS0618: 'Component.Owner' is obsolete: 'Update your API to allow accessing Owner through other means' [F:\Floofdev\HardLight\Content.Server\Content.Server.csproj]
F:\Floofdev\HardLight\Content.Server\Explosion\EntitySystems\ExplosionSystem.Processing.cs(906,37): warning CS0618: 'Component.Owner' is obsolete: 'Update your API to allow accessing Owner through other means' [F:\Floofdev\HardLight\Content.Server\Content.Server.csproj]
F:\Floofdev\HardLight\Content.Server\Explosion\EntitySystems\ExplosionGridTileFlood.cs(68,30): warning CS0618: 'Component.Owner' is obsolete: 'Update your API to allow accessing Owner through other means' [F:\Floofdev\HardLight\Content.Server\Content.Server.csproj]
F:\Floofdev\HardLight\Content.Server\Explosion\EntitySystems\ExplosionGridTileFlood.cs(75,72): warning CS0618: 'Component.Owner' is obsolete: 'Update your API to allow accessing Owner through other means' [F:\Floofdev\HardLight\Content.Server\Content.Server.csproj]
F:\Floofdev\HardLight\Content.Server\Explosion\EntitySystems\ExplosionSystem.cs(347,50): warning CS0618: 'IMapManager.GetMapEntityId(MapId)' is obsolete: 'Use MapSystem' [F:\Floofdev\HardLight\Content.Server\Content.Server.csproj]
F:\Floofdev\HardLight\Content.Server\Explosion\EntitySystems\ExplosionSystem.cs(347,24): warning CS0618: 'EntityCoordinates.FromMap(EntityUid, MapCoordinates, SharedTransformSystem, IEntityManager?)' is obsolete: 'Use SharedTransformSystem.ToCoordinates()' [F:\Floofdev\HardLight\Content.Server\Content.Server.csproj]
F:\Floofdev\HardLight\Content.Server\Explosion\EntitySystems\ExplosionSystem.cs(348,22): warning CS0618: 'EntityCoordinates.GetGridUid(IEntityManager)' is obsolete: 'Use SharedTransformSystem.GetGrid()' [F:\Floofdev\HardLight\Content.Server\Content.Server.csproj]
F:\Floofdev\HardLight\Content.Server\Explosion\EntitySystems\ExplosionSystem.cs(352,22): warning CS0618: 'EntityCoordinates.GetGridUid(IEntityManager)' is obsolete: 'Use SharedTransformSystem.GetGrid()' [F:\Floofdev\HardLight\Content.Server\Content.Server.csproj]
F:\Floofdev\HardLight\Content.Server\Explosion\EntitySystems\ExplosionSystem.GridMap.cs(309,18): warning CS0618: 'MapGridComponent.TryGetTileRef(Vector2i, out TileRef)' is obsolete: 'Use the MapSystem method' [F:\Floofdev\HardLight\Content.Server\Content.Server.csproj]
F:\Floofdev\HardLight\Content.Server\Explosion\EntitySystems\ExplosionSystem.Processing.cs(149,30): warning CS0168: The variable 'e' is declared but never used [F:\Floofdev\HardLight\Content.Server\Content.Server.csproj]
F:\Floofdev\HardLight\Content.Server\Explosion\EntitySystems\ExplosionSystem.Processing.cs(318,55): warning CS0618: 'Component.Owner' is obsolete: 'Update your API to allow accessing Owner through other means' [F:\Floofdev\HardLight\Content.Server\Content.Server.csproj]
F:\Floofdev\HardLight\Content.Server\GameTicking\Commands\JoinGameCommand.cs(49,17): warning CS0618: 'Logger.InfoS(string, string)' is obsolete: 'Use ISawmill.Info' [F:\Floofdev\HardLight\Content.Server\Content.Server.csproj]
F:\Floofdev\HardLight\Content.Server\Explosion\EntitySystems\ExplosionSystem.Visuals.cs(47,28): warning CS0618: 'Component.Owner' is obsolete: 'Update your API to allow accessing Owner through other means' [F:\Floofdev\HardLight\Content.Server\Content.Server.csproj]
F:\Floofdev\HardLight\Content.Server\Atmos\Commands\SetMapAtmosCommand.cs(31,19): warning CS0618: 'IMapManager.GetMapEntityId(MapId)' is obsolete: 'Use MapSystem' [F:\Floofdev\HardLight\Content.Server\Content.Server.csproj]
F:\Floofdev\HardLight\Content.Server\Atmos\Components\AtmosPlaqueComponent.cs(17,93): warning CS0618: 'Component.Owner' is obsolete: 'Update your API to allow accessing Owner through other means' [F:\Floofdev\HardLight\Content.Server\Content.Server.csproj]
F:\Floofdev\HardLight\Content.Server\StationEvents\Events\BluespaceLockerRule.cs(33,50): warning CS0618: 'EntityCoordinates.GetGridUid(IEntityManager)' is obsolete: 'Use SharedTransformSystem.GetGrid()' [F:\Floofdev\HardLight\Content.Server\Content.Server.csproj]
F:\Floofdev\HardLight\Content.Server\Atmos\EntitySystems\FlammableSystem.cs(415,13): warning CS0618: 'TimerExtensions.SpawnTimer(EntityUid, int, Action, CancellationToken)' is obsolete: 'Use a system update loop instead' [F:\Floofdev\HardLight\Content.Server\Content.Server.csproj]
F:\Floofdev\HardLight\Content.Server\Administration\Commands\ShipSaveAdminCommands.cs(784,9): warning CS0618: 'Logger.InfoS(string, string)' is obsolete: 'Use ISawmill.Info' [F:\Floofdev\HardLight\Content.Server\Content.Server.csproj]
F:\Floofdev\HardLight\Content.Server\Administration\Logs\AdminLogManager.Json.cs(60,41): warning CS0618: 'IComponent.Owner' is obsolete: 'Update your API to allow accessing Owner through other means' [F:\Floofdev\HardLight\Content.Server\Content.Server.csproj]
F:\Floofdev\HardLight\Content.Server\Administration\Commands\ShipSaveAdminCommands.cs(675,21): warning CS0618: 'Logger.InfoS(string, string)' is obsolete: 'Use ISawmill.Info' [F:\Floofdev\HardLight\Content.Server\Content.Server.csproj]
F:\Floofdev\HardLight\Content.Server\Administration\Commands\ShipSaveAdminCommands.cs(710,9): warning CS0618: 'Logger.InfoS(string, string)' is obsolete: 'Use ISawmill.Info' [F:\Floofdev\HardLight\Content.Server\Content.Server.csproj]
F:\Floofdev\HardLight\Content.Server\Atmos\Piping\Components\AtmosPipeColorComponent.cs(16,93): warning CS0618: 'Component.Owner' is obsolete: 'Update your API to allow accessing Owner through other means' [F:\Floofdev\HardLight\Content.Server\Content.Server.csproj]
F:\Floofdev\HardLight\Content.Server\Atmos\Piping\EntitySystems\AtmosPipeAppearanceSystem.cs(57,20): warning CS0618: 'MapGridComponent.TileIndicesFor(EntityCoordinates)' is obsolete: 'Use the MapSystem method' [F:\Floofdev\HardLight\Content.Server\Content.Server.csproj]
F:\Floofdev\HardLight\Content.Server\Atmos\Piping\EntitySystems\AtmosPipeAppearanceSystem.cs(60,29): warning CS0618: 'MapGridComponent.TileIndicesFor(EntityCoordinates)' is obsolete: 'Use the MapSystem method' [F:\Floofdev\HardLight\Content.Server\Content.Server.csproj]
F:\Floofdev\HardLight\Content.Server\Administration\Commands\ShipSaveAdminCommands.cs(576,21): warning CS0618: 'Logger.InfoS(string, string)' is obsolete: 'Use ISawmill.Info' [F:\Floofdev\HardLight\Content.Server\Content.Server.csproj]
F:\Floofdev\HardLight\Content.Server\Administration\Commands\ShipSaveAdminCommands.cs(606,9): warning CS0618: 'Logger.InfoS(string, string)' is obsolete: 'Use ISawmill.Info' [F:\Floofdev\HardLight\Content.Server\Content.Server.csproj]
F:\Floofdev\HardLight\Content.Server\Administration\Commands\ShipSaveAdminCommands.cs(253,13): warning CS0618: 'Logger.InfoS(string, string)' is obsolete: 'Use ISawmill.Info' [F:\Floofdev\HardLight\Content.Server\Content.Server.csproj]
F:\Floofdev\HardLight\Content.Server\Atmos\EntitySystems\AtmosphereSystem.HighPressureDelta.cs(111,36): warning CS0618: 'ResolvedSoundSpecifier.implicit operator ResolvedSoundSpecifier(string)' is obsolete: 'String literals for sounds are deprecated, use a SoundSpecifier or ResolvedSoundSpecifier as appropriate instead' [F:\Floofdev\HardLight\Content.Server\Content.Server.csproj]
F:\Floofdev\HardLight\Content.Server\Administration\Commands\RoleBanCommand.cs(34,13): warning CS0618: 'Logger.WarningS(string, string)' is obsolete: 'Use ISawmill.Warning' [F:\Floofdev\HardLight\Content.Server\Content.Server.csproj]
F:\Floofdev\HardLight\Content.Server\Atmos\EntitySystems\AtmosphereSystem.Hotspot.cs(115,32): warning CS0618: 'ResolvedSoundSpecifier.implicit operator ResolvedSoundSpecifier(string)' is obsolete: 'String literals for sounds are deprecated, use a SoundSpecifier or ResolvedSoundSpecifier as appropriate instead' [F:\Floofdev\HardLight\Content.Server\Content.Server.csproj]
F:\Floofdev\HardLight\Content.Server\Administration\Commands\PrisonerCommands.cs(68,17): warning CS0618: 'Logger.WarningS(string, string)' is obsolete: 'Use ISawmill.Warning' [F:\Floofdev\HardLight\Content.Server\Content.Server.csproj]
F:\Floofdev\HardLight\Content.Server\Administration\Commands\PlayGlobalSoundCommand.cs(91,79): warning CS0618: 'ResolvedSoundSpecifier.implicit operator ResolvedSoundSpecifier(string)' is obsolete: 'String literals for sounds are deprecated, use a SoundSpecifier or ResolvedSoundSpecifier as appropriate instead' [F:\Floofdev\HardLight\Content.Server\Content.Server.csproj]
F:\Floofdev\HardLight\Content.Server\Administration\Commands\PersistenceSaveCommand.cs(37,14): warning CS0618: 'IMapManager.MapExists(MapId?)' is obsolete: 'Use MapSystem' [F:\Floofdev\HardLight\Content.Server\Content.Server.csproj]
F:\Floofdev\HardLight\Content.Server\Administration\Commands\DepartmentBanCommand.cs(32,13): warning CS0618: 'Logger.WarningS(string, string)' is obsolete: 'Use ISawmill.Warning' [F:\Floofdev\HardLight\Content.Server\Content.Server.csproj]
F:\Floofdev\HardLight\Content.Server\Atmos\EntitySystems\AtmosphereSystem.Utils.cs(112,14): warning CS0618: 'MapGridComponent.TryGetTileRef(Vector2i, out TileRef)' is obsolete: 'Use the MapSystem method' [F:\Floofdev\HardLight\Content.Server\Content.Server.csproj]
F:\Floofdev\HardLight\Content.Server\_Shitmed\Body\Organ\DermisSystem.cs(11,52): warning CS0414: The field 'DermisSystem._bodySystem' is assigned but its value is never used [F:\Floofdev\HardLight\Content.Server\Content.Server.csproj]
F:\Floofdev\HardLight\Content.Server\Shuttles\Systems\ArrivalsSystem.cs(64,46): warning CS0414: The field 'ArrivalsSystem._ticker' is assigned but its value is never used [F:\Floofdev\HardLight\Content.Server\Content.Server.csproj]
F:\Floofdev\HardLight\Content.Server\_Shitmed\Body\Systems\EyesSystem.cs(12,54): warning CS0414: The field 'EyesSystem._entityManager' is assigned but its value is never used [F:\Floofdev\HardLight\Content.Server\Content.Server.csproj]
F:\Floofdev\HardLight\Content.Server\Shuttles\ShipSerializationSystem.cs(60,57): warning CS0414: The field 'ShipSerializationSystem._netManager' is assigned but its value is never used [F:\Floofdev\HardLight\Content.Server\Content.Server.csproj]
F:\Floofdev\HardLight\Content.Server\_EinsteinEngines\Power\Systems\BatteryDrinkerSystem.cs(23,51): warning CS0414: The field 'BatteryDrinkerSystem._slots' is assigned but its value is never used [F:\Floofdev\HardLight\Content.Server\Content.Server.csproj]
F:\Floofdev\HardLight\Content.Server\Cloning\RandomCloneSpawnerSystem.cs(17,57): warning CS0414: The field 'RandomCloneSpawnerSystem._transformSystem' is assigned but its value is never used [F:\Floofdev\HardLight\Content.Server\Content.Server.csproj]
F:\Floofdev\HardLight\Content.Server\Shuttles\Systems\ArrivalsSystem.cs(57,48): warning CS0414: The field 'ArrivalsSystem._console' is assigned but its value is never used [F:\Floofdev\HardLight\Content.Server\Content.Server.csproj]
F:\Floofdev\HardLight\Content.Server\Shuttles\Systems\ArrivalsSystem.cs(61,47): warning CS0414: The field 'ArrivalsSystem._actor' is assigned but its value is never used [F:\Floofdev\HardLight\Content.Server\Content.Server.csproj]
F:\Floofdev\HardLight\Content.Server\_EinsteinEngines\Silicon\DeadStartupButton\DeadStartupButtonSystem.cs(28,46): warning CS0414: The field 'DeadStartupButtonSystem._chatSystem' is assigned but its value is never used [F:\Floofdev\HardLight\Content.Server\Content.Server.csproj]
F:\Floofdev\HardLight\Content.Server\_Crescent\Cybernetics\MantisBladeSystem.cs(31,55): warning CS0414: The field 'MantisBladeSystem._explosion' is assigned but its value is never used [F:\Floofdev\HardLight\Content.Server\Content.Server.csproj]
F:\Floofdev\HardLight\Content.Server\Research\Systems\ResearchSystem.cs(25,53): warning CS0414: The field 'ResearchSystem._station' is assigned but its value is never used [F:\Floofdev\HardLight\Content.Server\Content.Server.csproj]
F:\Floofdev\HardLight\Content.Server\Cloning\RandomCloneSpawnerSystem.cs(16,49): warning CS0414: The field 'RandomCloneSpawnerSystem._random' is assigned but its value is never used [F:\Floofdev\HardLight\Content.Server\Content.Server.csproj]
F:\Floofdev\HardLight\Content.Server\Cloning\CloningPodSystem.cs(49,50): warning CS0414: The field 'CloningPodSystem._mobStateSystem' is assigned but its value is never used [F:\Floofdev\HardLight\Content.Server\Content.Server.csproj]
F:\Floofdev\HardLight\Content.Server\Cloning\RandomCloneSpawnerSystem.cs(18,52): warning CS0414: The field 'RandomCloneSpawnerSystem._mind' is assigned but its value is never used [F:\Floofdev\HardLight\Content.Server\Content.Server.csproj]
F:\Floofdev\HardLight\Content.Server\Cloning\RandomCloneSpawnerSystem.cs(15,53): warning CS0414: The field 'RandomCloneSpawnerSystem._prototypeManager' is assigned but its value is never used [F:\Floofdev\HardLight\Content.Server\Content.Server.csproj]
F:\Floofdev\HardLight\Content.Server\Cloning\CloningConsoleSystem.cs(85,54): warning CS0414: The field 'CloningConsoleSystem._mobStateSystem' is assigned but its value is never used [F:\Floofdev\HardLight\Content.Server\Content.Server.csproj]
F:\Floofdev\HardLight\Content.Server\_NF\Shipyard\Systems\ShipyardSystem.cs(63,53): warning CS0414: The field 'ShipyardSystem._netManager' is assigned but its value is never used [F:\Floofdev\HardLight\Content.Server\Content.Server.csproj]
F:\Floofdev\HardLight\Content.Server\_HL\RoundPersistence\Systems\PlayerPaymentPersistenceSystem.cs(29,46): warning CS0414: The field 'PlayerPaymentPersistenceSystem._mind' is assigned but its value is never used [F:\Floofdev\HardLight\Content.Server\Content.Server.csproj]
F:\Floofdev\HardLight\Content.Server\Weapons\Ranged\Systems\GunSystem.cs(42,51): warning CS0414: The field 'GunSystem._powerCell' is assigned but its value is never used [F:\Floofdev\HardLight\Content.Server\Content.Server.csproj]
F:\Floofdev\HardLight\Content.Server\_Shitmed\Body\Organ\CerebralImplantSystem.cs(11,52): warning CS0414: The field 'CerebralImplantSystem._bodySystem' is assigned but its value is never used [F:\Floofdev\HardLight\Content.Server\Content.Server.csproj]
F:\Floofdev\HardLight\Content.Server\Shuttles\Systems\ArrivalsSystem.cs(69,49): warning CS0414: The field 'ArrivalsSystem._shuttles' is assigned but its value is never used [F:\Floofdev\HardLight\Content.Server\Content.Server.csproj]
F:\Floofdev\HardLight\Content.Server\Shuttles\Systems\ShuttleConsoleSystem.cs(40,49): warning CS0414: The field 'ShuttleConsoleSystem._station' is assigned but its value is never used [F:\Floofdev\HardLight\Content.Server\Content.Server.csproj]
F:\Floofdev\HardLight\Content.Server\Shuttles\Systems\ArrivalsSystem.cs(58,47): warning CS0414: The field 'ArrivalsSystem._timing' is assigned but its value is never used [F:\Floofdev\HardLight\Content.Server\Content.Server.csproj]
F:\Floofdev\HardLight\Content.Server\Weapons\Ranged\Systems\GunSystem.cs(36,49): warning CS0414: The field 'GunSystem._battery' is assigned but its value is never used [F:\Floofdev\HardLight\Content.Server\Content.Server.csproj]
F:\Floofdev\HardLight\Content.Server\Worldgen\Systems\Debris\DebrisFeaturePlacerSystem.cs(22,49): warning CS0414: The field 'DebrisFeaturePlacerSystem._gc' is assigned but its value is never used [F:\Floofdev\HardLight\Content.Server\Content.Server.csproj]
F:\Floofdev\HardLight\Content.Server\Administration\Commands\PrisonerCommands.cs(106,53): warning CS0414: The field 'PermaPardonCommand._prototypes' is assigned but its value is never used [F:\Floofdev\HardLight\Content.Server\Content.Server.csproj]
F:\Floofdev\HardLight\Content.Server\_Crescent\Cybernetics\MantisBladeSystem.cs(23,50): warning CS0414: The field 'MantisBladeSystem._body' is assigned but its value is never used [F:\Floofdev\HardLight\Content.Server\Content.Server.csproj]
F:\Floofdev\HardLight\Content.Server\Silicons\Borgs\BorgSystem.cs(63,56): warning CS0414: The field 'BorgSystem._player' is assigned but its value is never used [F:\Floofdev\HardLight\Content.Server\Content.Server.csproj]
F:\Floofdev\HardLight\Content.Server\Shuttles\Systems\ArrivalsSystem.cs(55,48): warning CS0414: The field 'ArrivalsSystem._chat' is assigned but its value is never used [F:\Floofdev\HardLight\Content.Server\Content.Server.csproj]
F:\Floofdev\HardLight\Content.Server\Medical\HealthAnalyzerSystem.cs(41,51): warning CS0414: The field 'HealthAnalyzerSystem._transformSystem' is assigned but its value is never used [F:\Floofdev\HardLight\Content.Server\Content.Server.csproj]
F:\Floofdev\HardLight\Content.Server\Cloning\RandomCloneSpawnerSystem.cs(14,49): warning CS0414: The field 'RandomCloneSpawnerSystem._cloning' is assigned but its value is never used [F:\Floofdev\HardLight\Content.Server\Content.Server.csproj]
F:\Floofdev\HardLight\Content.Server\Shuttles\Systems\ArrivalsSystem.cs(63,55): warning CS0414: The field 'ArrivalsSystem._deviceNetworkSystem' is assigned but its value is never used [F:\Floofdev\HardLight\Content.Server\Content.Server.csproj]
F:\Floofdev\HardLight\Content.Server\GameTicking\GameTicker.RoundFlow.cs(46,54): warning CS0414: The field 'GameTicker._arrivalsSystem' is assigned but its value is never used [F:\Floofdev\HardLight\Content.Server\Content.Server.csproj]
F:\Floofdev\HardLight\Content.Server\Shuttles\ShipSerializationSystem.cs(56,56): warning CS0414: The field 'ShipSerializationSystem._atmosphere' is assigned but its value is never used [F:\Floofdev\HardLight\Content.Server\Content.Server.csproj]
F:\Floofdev\HardLight\Content.Server\Salvage\SalvageSystem.ExpeditionConsole.cs(34,49): warning CS0414: The field 'SalvageSystem._salvage' is assigned but its value is never used [F:\Floofdev\HardLight\Content.Server\Content.Server.csproj]
F:\Floofdev\HardLight\Content.Server\Shuttles\Save\ShipSaveSystem.cs(20,51): warning CS0414: The field 'ShipSaveSystem._mapManager' is assigned but its value is never used [F:\Floofdev\HardLight\Content.Server\Content.Server.csproj]
F:\Floofdev\HardLight\Content.Server\_Shitmed\Medical\Surgery\SurgerySystem.cs(41,51): warning CS0414: The field 'SurgerySystem._blindableSystem' is assigned but its value is never used [F:\Floofdev\HardLight\Content.Server\Content.Server.csproj]
F:\Floofdev\HardLight\Content.Server\Shuttles\Systems\ArrivalsSystem.cs(68,57): warning CS0414: The field 'ArrivalsSystem._transform' is assigned but its value is never used [F:\Floofdev\HardLight\Content.Server\Content.Server.csproj]
F:\Floofdev\HardLight\Content.Server\_Crescent\Cybernetics\InternalBombSystem.cs(15,53): warning CS0414: The field 'InternalBombSystem._gibbing' is assigned but its value is never used [F:\Floofdev\HardLight\Content.Server\Content.Server.csproj]
F:\Floofdev\HardLight\Content.Server\Shuttles\Systems\ArrivalsSystem.cs(70,57): warning CS0414: The field 'ArrivalsSystem._stationSpawning' is assigned but its value is never used [F:\Floofdev\HardLight\Content.Server\Content.Server.csproj]
F:\Floofdev\HardLight\Content.Server\Medical\HealingSystem.cs(38,57): warning CS0414: The field 'HealingSystem._targetingSystem' is assigned but its value is never used [F:\Floofdev\HardLight\Content.Server\Content.Server.csproj]
F:\Floofdev\HardLight\Content.Server\_NF\Shipyard\Systems\ShipyardSystem.cs(61,50): warning CS0414: The field 'ShipyardSystem._entityManager' is assigned but its value is never used [F:\Floofdev\HardLight\Content.Server\Content.Server.csproj]
F:\Floofdev\HardLight\Content.Server\_EinsteinEngines\Power\Systems\BatteryDrinkerSystem.cs(29,51): warning CS0414: The field 'BatteryDrinkerSystem._powerCell' is assigned but its value is never used [F:\Floofdev\HardLight\Content.Server\Content.Server.csproj]
F:\Floofdev\HardLight\Content.Server\_HL\RoundPersistence\Systems\PlayerPaymentPersistenceSystem.cs(28,47): warning CS0414: The field 'PlayerPaymentPersistenceSystem._timing' is assigned but its value is never used [F:\Floofdev\HardLight\Content.Server\Content.Server.csproj]
F:\Floofdev\HardLight\Content.Server\Shuttles\Save\ShipSaveSystem.cs(22,57): warning CS0414: The field 'ShipSaveSystem._netManager' is assigned but its value is never used [F:\Floofdev\HardLight\Content.Server\Content.Server.csproj]
F:\Floofdev\HardLight\Content.Server\_Crescent\Cybernetics\MantisBladeSystem.cs(33,55): warning CS0414: The field 'MantisBladeSystem._inventory' is assigned but its value is never used [F:\Floofdev\HardLight\Content.Server\Content.Server.csproj]
F:\Floofdev\HardLight\Content.Server\_Crescent\Cybernetics\MantisBladeSystem.cs(21,53): warning CS0414: The field 'MantisBladeSystem._gibbing' is assigned but its value is never used [F:\Floofdev\HardLight\Content.Server\Content.Server.csproj]
F:\Floofdev\HardLight\Content.Server\_Shitmed\DelayedDeath\DelayedDeathSystem.cs(7,16): warning RA0003: Class must be explicitly marked as [Virtual], abstract, static or sealed [F:\Floofdev\HardLight\Content.Server\Content.Server.csproj]
F:\Floofdev\HardLight\Content.Server\_NF\Shipyard\Systems\ShipyardSystem.cs(524,14): warning RA0030: Use the non-generic variant of this method for type TransformComponent [F:\Floofdev\HardLight\Content.Server\Content.Server.csproj]
F:\Floofdev\HardLight\Content.Server\_NF\Shipyard\Systems\ShipyardSystem.cs(203,18): warning RA0030: Use the non-generic variant of this method for type TransformComponent [F:\Floofdev\HardLight\Content.Server\Content.Server.csproj]
F:\Floofdev\HardLight\Content.Server\_NF\Shipyard\Systems\ShipyardSystem.cs(585,17): warning RA0030: Use the non-generic variant of this method for type TransformComponent [F:\Floofdev\HardLight\Content.Server\Content.Server.csproj]
F:\Floofdev\HardLight\Content.Server\Speech\EntitySystems\ReplacementAccentSystem.cs(66,30): warning RA0026: Usage of a static Regex function that takes in a pattern string. This can cause constant re-parsing of the pattern. [F:\Floofdev\HardLight\Content.Server\Content.Server.csproj]
F:\Floofdev\HardLight\Content.Server\Speech\EntitySystems\ReplacementAccentSystem.cs(69,35): warning RA0026: Usage of a static Regex function that takes in a pattern string. This can cause constant re-parsing of the pattern. [F:\Floofdev\HardLight\Content.Server\Content.Server.csproj]
F:\Floofdev\HardLight\Content.Server\Salvage\SalvageSystem.ExpeditionConsole.cs(63,14): warning RA0030: Use the non-generic variant of this method for type TransformComponent [F:\Floofdev\HardLight\Content.Server\Content.Server.csproj]
  Robust.Client -> F:\Floofdev\HardLight\RobustToolbox\bin\Client\Robust.Client.dll
  Content.Client -> F:\Floofdev\HardLight\bin\Content.Client\Content.Client.dll
  Robust.UnitTesting -> F:\Floofdev\HardLight\RobustToolbox\bin\UnitTesting\Robust.UnitTesting.dll
  Content.Replay -> F:\Floofdev\HardLight\bin\Content.Replay\Content.Replay.dll
  Robust.Benchmarks -> F:\Floofdev\HardLight\RobustToolbox\bin\Benchmarks\Robust.Benchmarks.dll

Build FAILED.

F:\Floofdev\HardLight\Content.MapRenderer\Content.MapRenderer.csproj : warning NU1902: Package 'SixLabors.ImageSharp' 3.1.7 has a known moderate severity vulnerability, https://github.com/advisories/GHSA-rxmq-m78w-7wmc [F:\Floofdev\HardLight\SpaceStation14.sln]
F:\Floofdev\HardLight\RobustToolbox\Robust.Client\Robust.Client.csproj : warning NU1902: Package 'SixLabors.ImageSharp' 3.1.7 has a known moderate severity vulnerability, https://github.com/advisories/GHSA-rxmq-m78w-7wmc [F:\Floofdev\HardLight\SpaceStation14.sln]
F:\Floofdev\HardLight\RobustToolbox\Robust.Client\Robust.Client.csproj : warning NU1902: Package 'SixLabors.ImageSharp' 3.1.7 has a known moderate severity vulnerability, https://github.com/advisories/GHSA-rxmq-m78w-7wmc
F:\Floofdev\HardLight\Content.MapRenderer\Content.MapRenderer.csproj : warning NU1902: Package 'SixLabors.ImageSharp' 3.1.7 has a known moderate severity vulnerability, https://github.com/advisories/GHSA-rxmq-m78w-7wmc
F:\Floofdev\HardLight\Content.Server\_HL\RoundPersistence\Systems\RoundPersistenceSystem.cs(26,7): warning CS0105: The using directive for 'Content.Shared.Shuttles.Components' appeared previously in this namespace [F:\Floofdev\HardLight\Content.Server\Content.Server.csproj]
F:\Floofdev\HardLight\Content.Server\_NF\PublicTransit\PublicTransitSystem.cs(18,7): warning CS0105: The using directive for 'Content.Server.GameTicking' appeared previously in this namespace [F:\Floofdev\HardLight\Content.Server\Content.Server.csproj]
F:\Floofdev\HardLight\Content.Server\_NF\PublicTransit\PublicTransitSystem.cs(33,7): warning CS0105: The using directive for 'Content.Shared.GameTicking' appeared previously in this namespace [F:\Floofdev\HardLight\Content.Server\Content.Server.csproj]
F:\Floofdev\HardLight\Content.Server\StationEvents\BasicStationEventSchedulerSystem.cs(98,72): warning CS0618: 'Prototype<EntityPrototype>' is obsolete: 'Use ProtoId<T> or EntProtoId, or the prototype directly' [F:\Floofdev\HardLight\Content.Server\Content.Server.csproj]
F:\Floofdev\HardLight\Content.Server\StationEvents\BasicStationEventSchedulerSystem.cs(151,70): warning CS0618: 'Prototype<EntityPrototype>' is obsolete: 'Use ProtoId<T> or EntProtoId, or the prototype directly' [F:\Floofdev\HardLight\Content.Server\Content.Server.csproj]
F:\Floofdev\HardLight\Content.Server\StationEvents\BasicStationEventSchedulerSystem.cs(174,74): warning CS0618: 'Prototype<EntityPrototype>' is obsolete: 'Use ProtoId<T> or EntProtoId, or the prototype directly' [F:\Floofdev\HardLight\Content.Server\Content.Server.csproj]
F:\Floofdev\HardLight\Content.Server\StationEvents\BasicStationEventSchedulerSystem.cs(201,45): warning CS0618: 'Prototype<EntityPrototype>' is obsolete: 'Use ProtoId<T> or EntProtoId, or the prototype directly' [F:\Floofdev\HardLight\Content.Server\Content.Server.csproj]
F:\Floofdev\HardLight\Content.Server\Paint\PaintSystem.cs(26,35): warning CS0618: 'SolutionContainerSystem' is obsolete: 'This is being depreciated. Use SharedSolutionContainerSystem instead!' [F:\Floofdev\HardLight\Content.Server\Content.Server.csproj]
F:\Floofdev\HardLight\Content.Server\_Hardlight\Drugs\PacketSealingSystem.cs(88,13): warning CS0618: 'TransformComponent.Coordinates.set' is obsolete: 'Use the system's setter method instead.' [F:\Floofdev\HardLight\Content.Server\Content.Server.csproj]
F:\Floofdev\HardLight\Content.Server\_Hardlight\Drugs\PacketSealingSystem.cs(112,13): warning CS0618: 'SharedContainerSystem.TryGetContainingContainer(EntityUid, out BaseContainer?, MetaDataComponent?, TransformComponent?)' is obsolete: 'Use Entity<T> variant' [F:\Floofdev\HardLight\Content.Server\Content.Server.csproj]
F:\Floofdev\HardLight\Content.Server\_Hardlight\Drugs\PacketSealingSystem.cs(149,9): warning CS0618: 'TransformComponent.Coordinates.set' is obsolete: 'Use the system's setter method instead.' [F:\Floofdev\HardLight\Content.Server\Content.Server.csproj]
F:\Floofdev\HardLight\Content.Server\_HL\RoundPersistence\Systems\RoundPersistenceSystem.cs(190,25): warning CS0618: 'IMapManager.CreateMap(MapId?)' is obsolete: 'Use MapSystem' [F:\Floofdev\HardLight\Content.Server\Content.Server.csproj]
F:\Floofdev\HardLight\Content.Server\_HL\RoundPersistence\Systems\RoundPersistenceSystem.cs(342,24): warning CS0618: 'TransformComponent.WorldPosition' is obsolete: 'Use the system method instead' [F:\Floofdev\HardLight\Content.Server\Content.Server.csproj]
F:\Floofdev\HardLight\Content.Server\_EinsteinEngines\Silicon\EmitBuzzOnCrit\EmitBuzzWhileDamagedSystem.cs(54,64): warning CS0618: 'AudioHelpers.WithVariation(float, IRobustRandom?)' is obsolete: 'Use AudioParams.Variation data-field' [F:\Floofdev\HardLight\Content.Server\Content.Server.csproj]
F:\Floofdev\HardLight\Content.Server\_EinsteinEngines\Silicon\DeadStartupButton\DeadStartupButtonSystem.cs(54,49): warning CS0618: 'AudioHelpers.WithVariation(float, IRobustRandom?)' is obsolete: 'Use AudioParams.Variation data-field' [F:\Floofdev\HardLight\Content.Server\Content.Server.csproj]
F:\Floofdev\HardLight\Content.Server\Weather\WeatherSystem.cs(46,14): warning CS0618: 'IMapManager.MapExists(MapId?)' is obsolete: 'Use MapSystem' [F:\Floofdev\HardLight\Content.Server\Content.Server.csproj]
F:\Floofdev\HardLight\Content.Server\_NF\Shipyard\Systems\ShipyardSystem.cs(400,36): warning CS0618: 'ResolvedSoundSpecifier.implicit operator ResolvedSoundSpecifier(string)' is obsolete: 'String literals for sounds are deprecated, use a SoundSpecifier or ResolvedSoundSpecifier as appropriate instead' [F:\Floofdev\HardLight\Content.Server\Content.Server.csproj]
F:\Floofdev\HardLight\Content.Server\_NF\Shipyard\Systems\ShipyardSystem.cs(451,36): warning CS0618: 'ResolvedSoundSpecifier.implicit operator ResolvedSoundSpecifier(string)' is obsolete: 'String literals for sounds are deprecated, use a SoundSpecifier or ResolvedSoundSpecifier as appropriate instead' [F:\Floofdev\HardLight\Content.Server\Content.Server.csproj]
F:\Floofdev\HardLight\Content.Server\Standing\StandingStateSystem.cs(28,29): warning CS0618: 'TransformComponent.WorldRotation' is obsolete: 'Use the system method instead' [F:\Floofdev\HardLight\Content.Server\Content.Server.csproj]
F:\Floofdev\HardLight\Content.Server\Spider\SpiderSystem.cs(69,32): warning CS0618: 'TurfHelpers.GetEntitiesInTile(EntityCoordinates, LookupFlags, EntityLookupSystem?)' is obsolete: 'Use the lookup system' [F:\Floofdev\HardLight\Content.Server\Content.Server.csproj]
F:\Floofdev\HardLight\Content.Server\Spawners\EntitySystems\SpawnerSystem.cs(22,9): warning CS0618: 'TimerExtensions.SpawnRepeatingTimer(EntityUid, TimeSpan, Action, CancellationToken)' is obsolete: 'Use a system update loop instead' [F:\Floofdev\HardLight\Content.Server\Content.Server.csproj]
F:\Floofdev\HardLight\Content.Server\Silicons\StationAi\AiVisionWireAction.cs(26,32): warning CS0618: 'Component.Owner' is obsolete: 'Update your API to allow accessing Owner through other means' [F:\Floofdev\HardLight\Content.Server\Content.Server.csproj]
F:\Floofdev\HardLight\Content.Server\Silicons\StationAi\AiVisionWireAction.cs(32,32): warning CS0618: 'Component.Owner' is obsolete: 'Update your API to allow accessing Owner through other means' [F:\Floofdev\HardLight\Content.Server\Content.Server.csproj]
F:\Floofdev\HardLight\Content.Server\Silicons\StationAi\AiInteractWireAction.cs(25,35): warning CS0618: 'Component.Owner' is obsolete: 'Update your API to allow accessing Owner through other means' [F:\Floofdev\HardLight\Content.Server\Content.Server.csproj]
F:\Floofdev\HardLight\Content.Server\Silicons\StationAi\AiInteractWireAction.cs(31,35): warning CS0618: 'Component.Owner' is obsolete: 'Update your API to allow accessing Owner through other means' [F:\Floofdev\HardLight\Content.Server\Content.Server.csproj]
F:\Floofdev\HardLight\Content.Server\Singularity\EntitySystems\EventHorizonSystem.cs(289,40): warning CS0618: 'MapGridComponent.GetAnchoredEntities(Vector2i)' is obsolete: 'Use the MapSystem method' [F:\Floofdev\HardLight\Content.Server\Content.Server.csproj]
F:\Floofdev\HardLight\Content.Server\RoundEnd\RoundEndSystem.cs(193,31): warning CS0618: 'ResolvedSoundSpecifier.implicit operator ResolvedSoundSpecifier(string)' is obsolete: 'String literals for sounds are deprecated, use a SoundSpecifier or ResolvedSoundSpecifier as appropriate instead' [F:\Floofdev\HardLight\Content.Server\Content.Server.csproj]
F:\Floofdev\HardLight\Content.Server\RoundEnd\RoundEndSystem.cs(241,31): warning CS0618: 'ResolvedSoundSpecifier.implicit operator ResolvedSoundSpecifier(string)' is obsolete: 'String literals for sounds are deprecated, use a SoundSpecifier or ResolvedSoundSpecifier as appropriate instead' [F:\Floofdev\HardLight\Content.Server\Content.Server.csproj]
F:\Floofdev\HardLight\Content.Server\Shuttles\Systems\ShuttleSystem.FasterThanLight.cs(576,9): warning CS0618: 'IMapManager.SetMapPaused(MapId, bool)' is obsolete: 'Use MapSystem' [F:\Floofdev\HardLight\Content.Server\Content.Server.csproj]
F:\Floofdev\HardLight\Content.Server\Salvage\SalvageSystem.Magnet.cs(50,9): warning CS4014: Because this call is not awaited, execution of the current method continues before the call is completed. Consider applying the 'await' operator to the result of the call. [F:\Floofdev\HardLight\Content.Server\Content.Server.csproj]
F:\Floofdev\HardLight\Content.Server\Radiation\Systems\RadiationSystem.Blockers.cs(111,23): warning CS0618: 'MapGridComponent.TileIndicesFor(EntityCoordinates)' is obsolete: 'Use the MapSystem method' [F:\Floofdev\HardLight\Content.Server\Content.Server.csproj]
F:\Floofdev\HardLight\Content.Server\Salvage\SalvageSystem.Magnet.cs(432,17): warning CS0612: 'IMapManager.FindGridsIntersecting(MapId, Box2Rotated, bool, bool)' is obsolete [F:\Floofdev\HardLight\Content.Server\Content.Server.csproj]
F:\Floofdev\HardLight\Content.Server\Salvage\SalvageSystem.Runner.cs(83,13): warning CS0618: 'IMapManager.GetMapEntityId(MapId)' is obsolete: 'Use MapSystem' [F:\Floofdev\HardLight\Content.Server\Content.Server.csproj]
F:\Floofdev\HardLight\Content.Server\Shuttles\Systems\EmergencyShuttleSystem.Console.cs(308,31): warning CS0618: 'ResolvedSoundSpecifier.implicit operator ResolvedSoundSpecifier(string)' is obsolete: 'String literals for sounds are deprecated, use a SoundSpecifier or ResolvedSoundSpecifier as appropriate instead' [F:\Floofdev\HardLight\Content.Server\Content.Server.csproj]
F:\Floofdev\HardLight\Content.Server\Shuttles\Systems\EmergencyShuttleSystem.Console.cs(412,27): warning CS0618: 'ResolvedSoundSpecifier.implicit operator ResolvedSoundSpecifier(string)' is obsolete: 'String literals for sounds are deprecated, use a SoundSpecifier or ResolvedSoundSpecifier as appropriate instead' [F:\Floofdev\HardLight\Content.Server\Content.Server.csproj]
F:\Floofdev\HardLight\Content.Server\Preferences\Managers\ServerPreferencesManager.cs(55,17): warning CS0618: 'Logger.WarningS(string, string)' is obsolete: 'Use ISawmill.Warning' [F:\Floofdev\HardLight\Content.Server\Content.Server.csproj]
F:\Floofdev\HardLight\Content.Server\Preferences\Managers\ServerPreferencesManager.cs(125,17): warning CS0618: 'Logger.WarningS(string, string)' is obsolete: 'Use ISawmill.Warning' [F:\Floofdev\HardLight\Content.Server\Content.Server.csproj]
F:\Floofdev\HardLight\Content.Server\Shuttles\Systems\EmergencyShuttleSystem.cs(342,31): warning CS0618: 'ResolvedSoundSpecifier.implicit operator ResolvedSoundSpecifier(string)' is obsolete: 'String literals for sounds are deprecated, use a SoundSpecifier or ResolvedSoundSpecifier as appropriate instead' [F:\Floofdev\HardLight\Content.Server\Content.Server.csproj]
F:\Floofdev\HardLight\Content.Server\Shuttles\Systems\EmergencyShuttleSystem.cs(401,27): warning CS0618: 'ResolvedSoundSpecifier.implicit operator ResolvedSoundSpecifier(string)' is obsolete: 'String literals for sounds are deprecated, use a SoundSpecifier or ResolvedSoundSpecifier as appropriate instead' [F:\Floofdev\HardLight\Content.Server\Content.Server.csproj]
F:\Floofdev\HardLight\Content.Server\Procedural\DungeonSystem.Rooms.cs(126,30): warning CS0618: 'IMapManager.GetMapEntityId(MapId)' is obsolete: 'Use MapSystem' [F:\Floofdev\HardLight\Content.Server\Content.Server.csproj]
F:\Floofdev\HardLight\Content.Server\Shuttles\ShipSerializationSystem.cs(131,26): warning CS0618: 'Component.Owner' is obsolete: 'Update your API to allow accessing Owner through other means' [F:\Floofdev\HardLight\Content.Server\Content.Server.csproj]
F:\Floofdev\HardLight\Content.Server\Power\Nodes\CableTerminalPortNode.cs(20,29): warning CS0618: 'MapGridComponent.TileIndicesFor(EntityCoordinates)' is obsolete: 'Use the MapSystem method' [F:\Floofdev\HardLight\Content.Server\Content.Server.csproj]
F:\Floofdev\HardLight\Content.Server\Power\Nodes\CableTerminalNode.cs(20,29): warning CS0618: 'MapGridComponent.TileIndicesFor(EntityCoordinates)' is obsolete: 'Use the MapSystem method' [F:\Floofdev\HardLight\Content.Server\Content.Server.csproj]
F:\Floofdev\HardLight\Content.Server\Power\Nodes\CableNode.cs(20,29): warning CS0618: 'MapGridComponent.TileIndicesFor(EntityCoordinates)' is obsolete: 'Use the MapSystem method' [F:\Floofdev\HardLight\Content.Server\Content.Server.csproj]
F:\Floofdev\HardLight\Content.Server\Power\Nodes\CableDeviceNode.cs(42,29): warning CS0618: 'MapGridComponent.TileIndicesFor(EntityCoordinates)' is obsolete: 'Use the MapSystem method' [F:\Floofdev\HardLight\Content.Server\Content.Server.csproj]
F:\Floofdev\HardLight\Content.Server\Shuttles\ShipSerializationSystem.cs(342,39): warning CS0618: 'Component.Owner' is obsolete: 'Update your API to allow accessing Owner through other means' [F:\Floofdev\HardLight\Content.Server\Content.Server.csproj]
F:\Floofdev\HardLight\Content.Server\Shuttles\ShipSerializationSystem.cs(343,13): warning CS0618: 'TransformComponent.WorldPosition' is obsolete: 'Use the system method instead' [F:\Floofdev\HardLight\Content.Server\Content.Server.csproj]
F:\Floofdev\HardLight\Content.Server\Shuttles\ShipSerializationSystem.cs(374,30): warning CS0618: 'Component.Owner' is obsolete: 'Update your API to allow accessing Owner through other means' [F:\Floofdev\HardLight\Content.Server\Content.Server.csproj]
F:\Floofdev\HardLight\Content.Server\Shuttles\ShipSerializationSystem.cs(380,42): warning CS0618: 'Component.Owner' is obsolete: 'Update your API to allow accessing Owner through other means' [F:\Floofdev\HardLight\Content.Server\Content.Server.csproj]
F:\Floofdev\HardLight\Content.Server\Shuttles\ShipSerializationSystem.cs(392,72): warning CS0618: 'Component.Owner' is obsolete: 'Update your API to allow accessing Owner through other means' [F:\Floofdev\HardLight\Content.Server\Content.Server.csproj]
F:\Floofdev\HardLight\Content.Server\Shuttles\ShipSerializationSystem.cs(399,69): warning CS0618: 'Component.Owner' is obsolete: 'Update your API to allow accessing Owner through other means' [F:\Floofdev\HardLight\Content.Server\Content.Server.csproj]
F:\Floofdev\HardLight\Content.Server\Shuttles\ShipSerializationSystem.cs(442,24): warning CS0618: 'Component.Owner' is obsolete: 'Update your API to allow accessing Owner through other means' [F:\Floofdev\HardLight\Content.Server\Content.Server.csproj]
F:\Floofdev\HardLight\Content.Server\Shuttles\ShipSerializationSystem.cs(466,61): warning CS0618: 'Component.Owner' is obsolete: 'Update your API to allow accessing Owner through other means' [F:\Floofdev\HardLight\Content.Server\Content.Server.csproj]
F:\Floofdev\HardLight\Content.Server\Shuttles\ShipSerializationSystem.cs(494,65): warning CS0618: 'Component.Owner' is obsolete: 'Update your API to allow accessing Owner through other means' [F:\Floofdev\HardLight\Content.Server\Content.Server.csproj]
F:\Floofdev\HardLight\Content.Server\Shuttles\ShipSerializationSystem.cs(544,20): warning CS0618: 'Component.Owner' is obsolete: 'Update your API to allow accessing Owner through other means' [F:\Floofdev\HardLight\Content.Server\Content.Server.csproj]
F:\Floofdev\HardLight\Content.Server\Shuttles\ShipSerializationSystem.cs(566,47): warning CS0618: 'Component.Owner' is obsolete: 'Update your API to allow accessing Owner through other means' [F:\Floofdev\HardLight\Content.Server\Content.Server.csproj]
F:\Floofdev\HardLight\Content.Server\Shuttles\ShipSerializationSystem.cs(597,30): warning CS0618: 'Component.Owner' is obsolete: 'Update your API to allow accessing Owner through other means' [F:\Floofdev\HardLight\Content.Server\Content.Server.csproj]
F:\Floofdev\HardLight\Content.Server\Shuttles\ShipSerializationSystem.cs(603,42): warning CS0618: 'Component.Owner' is obsolete: 'Update your API to allow accessing Owner through other means' [F:\Floofdev\HardLight\Content.Server\Content.Server.csproj]
F:\Floofdev\HardLight\Content.Server\Shuttles\ShipSerializationSystem.cs(615,72): warning CS0618: 'Component.Owner' is obsolete: 'Update your API to allow accessing Owner through other means' [F:\Floofdev\HardLight\Content.Server\Content.Server.csproj]
F:\Floofdev\HardLight\Content.Server\Shuttles\ShipSerializationSystem.cs(622,69): warning CS0618: 'Component.Owner' is obsolete: 'Update your API to allow accessing Owner through other means' [F:\Floofdev\HardLight\Content.Server\Content.Server.csproj]
F:\Floofdev\HardLight\Content.Server\Shuttles\ShipSerializationSystem.cs(665,61): warning CS0618: 'Component.Owner' is obsolete: 'Update your API to allow accessing Owner through other means' [F:\Floofdev\HardLight\Content.Server\Content.Server.csproj]
F:\Floofdev\HardLight\Content.Server\Shuttles\ShipSerializationSystem.cs(685,20): warning CS0618: 'Component.Owner' is obsolete: 'Update your API to allow accessing Owner through other means' [F:\Floofdev\HardLight\Content.Server\Content.Server.csproj]
F:\Floofdev\HardLight\Content.Server\Power\NodeGroups\PowerNet.cs(52,77): warning CS0618: 'Component.Owner' is obsolete: 'Update your API to allow accessing Owner through other means' [F:\Floofdev\HardLight\Content.Server\Content.Server.csproj]
F:\Floofdev\HardLight\Content.Server\Power\NodeGroups\PowerNet.cs(65,40): warning CS0618: 'Component.Owner' is obsolete: 'Update your API to allow accessing Owner through other means' [F:\Floofdev\HardLight\Content.Server\Content.Server.csproj]
F:\Floofdev\HardLight\Content.Server\Power\NodeGroups\PowerNet.cs(81,77): warning CS0618: 'Component.Owner' is obsolete: 'Update your API to allow accessing Owner through other means' [F:\Floofdev\HardLight\Content.Server\Content.Server.csproj]
F:\Floofdev\HardLight\Content.Server\Power\NodeGroups\PowerNet.cs(94,40): warning CS0618: 'Component.Owner' is obsolete: 'Update your API to allow accessing Owner through other means' [F:\Floofdev\HardLight\Content.Server\Content.Server.csproj]
F:\Floofdev\HardLight\Content.Server\ParticleAccelerator\EntitySystems\ParticleAcceleratorSystem.ControlBox.cs(183,39): warning CS0618: 'ResolvedSoundSpecifier.implicit operator ResolvedSoundSpecifier(string)' is obsolete: 'String literals for sounds are deprecated, use a SoundSpecifier or ResolvedSoundSpecifier as appropriate instead' [F:\Floofdev\HardLight\Content.Server\Content.Server.csproj]
F:\Floofdev\HardLight\Content.Server\Parallax\BiomeSystem.cs(260,28): warning CS0618: 'IMapManager.GetMapEntityId(MapId)' is obsolete: 'Use MapSystem' [F:\Floofdev\HardLight\Content.Server\Content.Server.csproj]
F:\Floofdev\HardLight\Content.Server\Procedural\DungeonJob\DungeonJob.OreDunGen.cs(25,13): warning CS0219: The variable 'emptyTiles' is assigned but its value is never used [F:\Floofdev\HardLight\Content.Server\Content.Server.csproj]
F:\Floofdev\HardLight\Content.Server\Shuttles\ShipSerializationSystem.cs(1424,38): warning CS0168: The variable 'ex' is declared but never used [F:\Floofdev\HardLight\Content.Server\Content.Server.csproj]
F:\Floofdev\HardLight\Content.Server\Shuttles\ShipSerializationSystem.cs(1454,30): warning CS0168: The variable 'ex' is declared but never used [F:\Floofdev\HardLight\Content.Server\Content.Server.csproj]
F:\Floofdev\HardLight\Content.Server\Parallax\BiomeSystem.cs(969,32): warning CS0618: 'MapGridComponent.GetAnchoredEntitiesEnumerator(Vector2i)' is obsolete: 'Use the MapSystem method' [F:\Floofdev\HardLight\Content.Server\Content.Server.csproj]
F:\Floofdev\HardLight\Content.Server\Shuttles\ShipSerializationSystem.cs(1719,22): warning CS0612: 'ContainerManagerComponent.TryGetContainer(string, out BaseContainer?)' is obsolete [F:\Floofdev\HardLight\Content.Server\Content.Server.csproj]
F:\Floofdev\HardLight\Content.Server\Shuttles\ShipSerializationSystem.cs(1815,33): warning CS0618: 'EntityCoordinates.ToMap(IEntityManager, SharedTransformSystem)' is obsolete: 'Use SharedTransformSystem.ToMapCoordinates()' [F:\Floofdev\HardLight\Content.Server\Content.Server.csproj]
F:\Floofdev\HardLight\Content.Server\Shuttles\ShipSerializationSystem.cs(1904,61): warning CS0618: 'Component.Owner' is obsolete: 'Update your API to allow accessing Owner through other means' [F:\Floofdev\HardLight\Content.Server\Content.Server.csproj]
F:\Floofdev\HardLight\Content.Server\Shuttles\Save\ShipSaveSystem.cs(49,17): warning CS0618: 'Logger.Warning(string)' is obsolete: 'Use ISawmill.Warning' [F:\Floofdev\HardLight\Content.Server\Content.Server.csproj]
F:\Floofdev\HardLight\Content.Server\Shuttles\Save\ShipSaveSystem.cs(55,17): warning CS0618: 'Logger.Warning(string)' is obsolete: 'Use ISawmill.Warning' [F:\Floofdev\HardLight\Content.Server\Content.Server.csproj]
F:\Floofdev\HardLight\Content.Server\Shuttles\Save\ShipSaveSystem.cs(61,17): warning CS0618: 'Logger.Warning(string)' is obsolete: 'Use ISawmill.Warning' [F:\Floofdev\HardLight\Content.Server\Content.Server.csproj]
F:\Floofdev\HardLight\Content.Server\Shuttles\Save\ShipSaveSystem.cs(66,17): warning CS0618: 'Logger.Warning(string)' is obsolete: 'Use ISawmill.Warning' [F:\Floofdev\HardLight\Content.Server\Content.Server.csproj]
F:\Floofdev\HardLight\Content.Server\Shuttles\Save\ShipSaveSystem.cs(78,13): warning CS0618: 'Logger.Info(string)' is obsolete: 'Use ISawmill.Info' [F:\Floofdev\HardLight\Content.Server\Content.Server.csproj]
F:\Floofdev\HardLight\Content.Server\Shuttles\Save\ShipSaveSystem.cs(82,13): warning CS0618: 'Logger.Info(string)' is obsolete: 'Use ISawmill.Info' [F:\Floofdev\HardLight\Content.Server\Content.Server.csproj]
F:\Floofdev\HardLight\Content.Server\Objectives\Systems\StealConditionSystem.cs(115,43): warning CS0618: 'Component.Owner' is obsolete: 'Update your API to allow accessing Owner through other means' [F:\Floofdev\HardLight\Content.Server\Content.Server.csproj]
F:\Floofdev\HardLight\Content.Server\Shuttles\Save\ShipSaveSystem.cs(88,17): warning CS0618: 'Logger.Warning(string)' is obsolete: 'Use ISawmill.Warning' [F:\Floofdev\HardLight\Content.Server\Content.Server.csproj]
F:\Floofdev\HardLight\Content.Server\Shuttles\Save\ShipSaveSystem.cs(94,17): warning CS0618: 'Logger.Warning(string)' is obsolete: 'Use ISawmill.Warning' [F:\Floofdev\HardLight\Content.Server\Content.Server.csproj]
F:\Floofdev\HardLight\Content.Server\Shuttles\Save\ShipSaveSystem.cs(100,17): warning CS0618: 'Logger.Warning(string)' is obsolete: 'Use ISawmill.Warning' [F:\Floofdev\HardLight\Content.Server\Content.Server.csproj]
F:\Floofdev\HardLight\Content.Server\Shuttles\Save\ShipSaveSystem.cs(112,13): warning CS0618: 'Logger.Info(string)' is obsolete: 'Use ISawmill.Info' [F:\Floofdev\HardLight\Content.Server\Content.Server.csproj]
F:\Floofdev\HardLight\Content.Server\Shuttles\Save\ShipSaveSystem.cs(116,13): warning CS0618: 'Logger.Info(string)' is obsolete: 'Use ISawmill.Info' [F:\Floofdev\HardLight\Content.Server\Content.Server.csproj]
F:\Floofdev\HardLight\Content.Server\Shuttles\Save\ShipSaveSystem.cs(125,13): warning CS0618: 'Logger.Info(string)' is obsolete: 'Use ISawmill.Info' [F:\Floofdev\HardLight\Content.Server\Content.Server.csproj]
F:\Floofdev\HardLight\Content.Server\Shuttles\Save\ShipSaveSystem.cs(139,13): warning CS0618: 'Logger.Info(string)' is obsolete: 'Use ISawmill.Info' [F:\Floofdev\HardLight\Content.Server\Content.Server.csproj]
F:\Floofdev\HardLight\Content.Server\Nuke\NukeSystem.cs(52,56): warning CS0618: 'ResolvedSoundSpecifier.implicit operator ResolvedSoundSpecifier(string)' is obsolete: 'String literals for sounds are deprecated, use a SoundSpecifier or ResolvedSoundSpecifier as appropriate instead' [F:\Floofdev\HardLight\Content.Server\Content.Server.csproj]
F:\Floofdev\HardLight\Content.Server\NodeContainer\Nodes\PortPipeNode.cs(18,29): warning CS0618: 'MapGridComponent.TileIndicesFor(EntityCoordinates)' is obsolete: 'Use the MapSystem method' [F:\Floofdev\HardLight\Content.Server\Content.Server.csproj]
F:\Floofdev\HardLight\Content.Server\NodeContainer\Nodes\PortablePipeNode.cs(18,29): warning CS0618: 'MapGridComponent.TileIndicesFor(EntityCoordinates)' is obsolete: 'Use the MapSystem method' [F:\Floofdev\HardLight\Content.Server\Content.Server.csproj]
F:\Floofdev\HardLight\Content.Server\NodeContainer\Nodes\PipeNode.cs(180,23): warning CS0618: 'MapGridComponent.TileIndicesFor(EntityCoordinates)' is obsolete: 'Use the MapSystem method' [F:\Floofdev\HardLight\Content.Server\Content.Server.csproj]
F:\Floofdev\HardLight\Content.Server\NPC\Systems\NPCUtilitySystem.cs(234,21): warning CS0618: 'SharedContainerSystem.TryGetContainingContainer(EntityUid, out BaseContainer?, MetaDataComponent?, TransformComponent?)' is obsolete: 'Use Entity<T> variant' [F:\Floofdev\HardLight\Content.Server\Content.Server.csproj]
F:\Floofdev\HardLight\Content.Server\NodeContainer\Nodes\PipeNode.cs(220,36): warning CS0618: 'MapGridComponent.GetAnchoredEntities(Vector2i)' is obsolete: 'Use the MapSystem method' [F:\Floofdev\HardLight\Content.Server\Content.Server.csproj]
F:\Floofdev\HardLight\Content.Server\NodeContainer\Nodes\NodeHelpers.cs(14,39): warning CS0618: 'MapGridComponent.GetAnchoredEntities(Vector2i)' is obsolete: 'Use the MapSystem method' [F:\Floofdev\HardLight\Content.Server\Content.Server.csproj]
F:\Floofdev\HardLight\Content.Server\NodeContainer\Nodes\NodeHelpers.cs(52,37): warning CS0618: 'MapGridComponent.GetAnchoredEntities(Vector2i)' is obsolete: 'Use the MapSystem method' [F:\Floofdev\HardLight\Content.Server\Content.Server.csproj]
F:\Floofdev\HardLight\Content.Server\NodeContainer\Nodes\NodeHelpers.cs(56,33): warning CS0618: 'MapGridComponent.GetAnchoredEntities(Vector2i)' is obsolete: 'Use the MapSystem method' [F:\Floofdev\HardLight\Content.Server\Content.Server.csproj]
F:\Floofdev\HardLight\Content.Server\NodeContainer\Nodes\NodeHelpers.cs(59,33): warning CS0618: 'MapGridComponent.GetAnchoredEntities(Vector2i)' is obsolete: 'Use the MapSystem method' [F:\Floofdev\HardLight\Content.Server\Content.Server.csproj]
F:\Floofdev\HardLight\Content.Server\NodeContainer\Nodes\NodeHelpers.cs(62,33): warning CS0618: 'MapGridComponent.GetAnchoredEntities(Vector2i)' is obsolete: 'Use the MapSystem method' [F:\Floofdev\HardLight\Content.Server\Content.Server.csproj]
F:\Floofdev\HardLight\Content.Server\NodeContainer\Nodes\NodeHelpers.cs(65,33): warning CS0618: 'MapGridComponent.GetAnchoredEntities(Vector2i)' is obsolete: 'Use the MapSystem method' [F:\Floofdev\HardLight\Content.Server\Content.Server.csproj]
F:\Floofdev\HardLight\Content.Server\NodeContainer\Nodes\AdjacentNode.cs(21,29): warning CS0618: 'MapGridComponent.TileIndicesFor(EntityCoordinates)' is obsolete: 'Use the MapSystem method' [F:\Floofdev\HardLight\Content.Server\Content.Server.csproj]
F:\Floofdev\HardLight\Content.Server\MoMMI\MoMMILink.cs(51,17): warning CS0618: 'Logger.WarningS(string, string)' is obsolete: 'Use ISawmill.Warning' [F:\Floofdev\HardLight\Content.Server\Content.Server.csproj]
F:\Floofdev\HardLight\Content.Server\Mind\MindSystem.cs(295,9): warning CS0618: 'PvsOverrideSystem.ClearOverride(NetEntity)' is obsolete: 'Don't use this, clear specific overrides' [F:\Floofdev\HardLight\Content.Server\Content.Server.csproj]
F:\Floofdev\HardLight\Content.Server\Maps\PlanetCommand.cs(50,14): warning CS0618: 'IMapManager.MapExists(MapId?)' is obsolete: 'Use MapSystem' [F:\Floofdev\HardLight\Content.Server\Content.Server.csproj]
F:\Floofdev\HardLight\Content.Server\Maps\PlanetCommand.cs(63,22): warning CS0618: 'IMapManager.GetMapEntityId(MapId)' is obsolete: 'Use MapSystem' [F:\Floofdev\HardLight\Content.Server\Content.Server.csproj]
F:\Floofdev\HardLight\Content.Server\Light\EntitySystems\PoweredLightSystem.cs(328,13): warning CS0618: 'TimerExtensions.SpawnTimer(EntityUid, TimeSpan, Action, CancellationToken)' is obsolete: 'Use a system update loop instead' [F:\Floofdev\HardLight\Content.Server\Content.Server.csproj]
F:\Floofdev\HardLight\Content.Server\NPC\Systems\NPCCombatSystem.Ranged.cs(194,67): warning CS0618: 'MapGridComponent.WorldToLocal(Vector2)' is obsolete: 'Use the MapSystem method' [F:\Floofdev\HardLight\Content.Server\Content.Server.csproj]
F:\Floofdev\HardLight\Content.Server\Instruments\InstrumentComponent.cs(20,60): warning CS0618: 'Component.Owner' is obsolete: 'Update your API to allow accessing Owner through other means' [F:\Floofdev\HardLight\Content.Server\Content.Server.csproj]
F:\Floofdev\HardLight\Content.Server\Instruments\InstrumentComponent.cs(21,55): warning CS0618: 'Component.Owner' is obsolete: 'Update your API to allow accessing Owner through other means' [F:\Floofdev\HardLight\Content.Server\Content.Server.csproj]
F:\Floofdev\HardLight\Content.Server\InteractionVerbs\Actions\ChatMessageAction.cs(51,14): warning CS0618: 'Loc.TryGetString(string, out string?, params (string, object)[])' is obsolete: 'Use ILocalizationManager' [F:\Floofdev\HardLight\Content.Server\Content.Server.csproj]
F:\Floofdev\HardLight\Content.Server\Hands\Systems\HandsSystem.cs(232,29): warning CS0618: 'EntityCoordinates.ToMapPos(IEntityManager, SharedTransformSystem)' is obsolete: 'Use SharedTransformSystem.ToMapCoordinates()' [F:\Floofdev\HardLight\Content.Server\Content.Server.csproj]
F:\Floofdev\HardLight\Content.Server\Hands\Systems\HandsSystem.cs(232,85): warning CS0618: 'TransformComponent.WorldPosition' is obsolete: 'Use the system method instead' [F:\Floofdev\HardLight\Content.Server\Content.Server.csproj]
F:\Floofdev\HardLight\Content.Server\NPC\Pathfinding\PathfindingSystem.Grid.cs(56,31): warning CS0618: 'MapGridComponent.GridTileToLocal(Vector2i)' is obsolete: 'Use the MapSystem method' [F:\Floofdev\HardLight\Content.Server\Content.Server.csproj]
F:\Floofdev\HardLight\Content.Server\NPC\Pathfinding\PathfindingSystem.Grid.cs(306,42): warning CS0618: 'MapGridComponent.GridTileToLocal(Vector2i)' is obsolete: 'Use the MapSystem method' [F:\Floofdev\HardLight\Content.Server\Content.Server.csproj]
F:\Floofdev\HardLight\Content.Server\Gateway\Systems\GatewayGeneratorSystem.cs(103,21): warning CS0618: 'IMapManager.CreateMap(MapId?)' is obsolete: 'Use MapSystem' [F:\Floofdev\HardLight\Content.Server\Content.Server.csproj]
F:\Floofdev\HardLight\Content.Server\Gateway\Systems\GatewayGeneratorSystem.cs(104,22): warning CS0618: 'IMapManager.GetMapEntityId(MapId)' is obsolete: 'Use MapSystem' [F:\Floofdev\HardLight\Content.Server\Content.Server.csproj]
F:\Floofdev\HardLight\Content.Server\Flash\FlashSystem.cs(104,13): warning CS0618: 'TimerExtensions.SpawnTimer(EntityUid, int, Action, CancellationToken)' is obsolete: 'Use a system update loop instead' [F:\Floofdev\HardLight\Content.Server\Content.Server.csproj]
F:\Floofdev\HardLight\Content.Server\Explosion\EntitySystems\TriggerSystem.cs(148,18): warning CS0618: 'SharedContainerSystem.TryGetContainingContainer(EntityUid, out BaseContainer?, MetaDataComponent?, TransformComponent?)' is obsolete: 'Use Entity<T> variant' [F:\Floofdev\HardLight\Content.Server\Content.Server.csproj]
F:\Floofdev\HardLight\Content.Server\Explosion\EntitySystems\TriggerSystem.cs(268,23): warning CS0618: 'TransformComponent.MapPosition' is obsolete: 'Use TransformSystem.GetMapCoordinates' [F:\Floofdev\HardLight\Content.Server\Content.Server.csproj]
F:\Floofdev\HardLight\Content.Server\Fax\FaxSystem.cs(667,33): warning CS0618: 'ResolvedSoundSpecifier.implicit operator ResolvedSoundSpecifier(string)' is obsolete: 'String literals for sounds are deprecated, use a SoundSpecifier or ResolvedSoundSpecifier as appropriate instead' [F:\Floofdev\HardLight\Content.Server\Content.Server.csproj]
F:\Floofdev\HardLight\Content.Server\EUI\EuiManager.cs(102,17): warning CS0618: 'Logger.WarningS(string, string)' is obsolete: 'Use ISawmill.Warning' [F:\Floofdev\HardLight\Content.Server\Content.Server.csproj]
F:\Floofdev\HardLight\Content.Server\Entry\EntryPoint.cs(228,18): warning CS8321: The local function 'Load' is declared but never used [F:\Floofdev\HardLight\Content.Server\Content.Server.csproj]
F:\Floofdev\HardLight\Content.Server\Engineering\EntitySystems\SpawnAfterInteractSystem.cs(37,18): warning CS0618: 'MapGridComponent.TryGetTileRef(EntityCoordinates, out TileRef)' is obsolete: 'Use the MapSystem method' [F:\Floofdev\HardLight\Content.Server\Content.Server.csproj]
F:\Floofdev\HardLight\Content.Server\Engineering\EntitySystems\SpawnAfterInteractSystem.cs(50,104): warning CS0618: 'AwaitedDoAfterEvent' is obsolete: 'Dont use async DoAfters' [F:\Floofdev\HardLight\Content.Server\Content.Server.csproj]
F:\Floofdev\HardLight\Content.Server\Engineering\EntitySystems\SpawnAfterInteractSystem.cs(54,36): warning CS0618: 'SharedDoAfterSystem.WaitDoAfter(DoAfterArgs, DoAfterComponent?)' is obsolete: 'Use the synchronous version instead.' [F:\Floofdev\HardLight\Content.Server\Content.Server.csproj]
F:\Floofdev\HardLight\Content.Server\Dragon\DragonRiftSystem.cs(86,35): warning CS0618: 'ResolvedSoundSpecifier.implicit operator ResolvedSoundSpecifier(string)' is obsolete: 'String literals for sounds are deprecated, use a SoundSpecifier or ResolvedSoundSpecifier as appropriate instead' [F:\Floofdev\HardLight\Content.Server\Content.Server.csproj]
F:\Floofdev\HardLight\Content.Server\Explosion\EntitySystems\SmokeOnTriggerSystem.cs(35,14): warning CS0618: 'MapGridComponent.TryGetTileRef(EntityCoordinates, out TileRef)' is obsolete: 'Use the MapSystem method' [F:\Floofdev\HardLight\Content.Server\Content.Server.csproj]
F:\Floofdev\HardLight\Content.Server\Explosion\EntitySystems\SmokeOnTriggerSystem.cs(44,22): warning CS0618: 'MapGridComponent.MapToGrid(MapCoordinates)' is obsolete: 'Use the MapSystem method' [F:\Floofdev\HardLight\Content.Server\Content.Server.csproj]
F:\Floofdev\HardLight\Content.Server\DeviceNetwork\Systems\DeviceNetworkSystem.cs(349,21): warning CS0618: 'Component.Owner' is obsolete: 'Update your API to allow accessing Owner through other means' [F:\Floofdev\HardLight\Content.Server\Content.Server.csproj]
F:\Floofdev\HardLight\Content.Server\DeviceNetwork\Systems\DeviceNetworkSystem.cs(353,33): warning CS0618: 'Component.Owner' is obsolete: 'Update your API to allow accessing Owner through other means' [F:\Floofdev\HardLight\Content.Server\Content.Server.csproj]
F:\Floofdev\HardLight\Content.Server\DeviceNetwork\Systems\DeviceNetworkSystem.cs(356,37): warning CS0618: 'Component.Owner' is obsolete: 'Update your API to allow accessing Owner through other means' [F:\Floofdev\HardLight\Content.Server\Content.Server.csproj]
F:\Floofdev\HardLight\Content.Server\DeviceNetwork\Systems\DeviceListSystem.cs(99,44): warning CS0618: 'Component.Owner' is obsolete: 'Update your API to allow accessing Owner through other means' [F:\Floofdev\HardLight\Content.Server\Content.Server.csproj]
F:\Floofdev\HardLight\Content.Server\EntityEffects\Effects\MovespeedModifier.cs(76,9): warning CS0612: 'Component.Dirty(IEntityManager?)' is obsolete [F:\Floofdev\HardLight\Content.Server\Content.Server.csproj]
F:\Floofdev\HardLight\Content.Server\DeviceNetwork\Systems\ApcNetworkSystem.cs(41,48): warning CS0618: 'Component.Owner' is obsolete: 'Update your API to allow accessing Owner through other means' [F:\Floofdev\HardLight\Content.Server\Content.Server.csproj]
F:\Floofdev\HardLight\Content.Server\EntityEffects\Effects\AreaReactionEffect.cs(88,61): warning CS0618: 'AudioHelpers.WithVariation(float)' is obsolete: 'Use AudioParams.Variation data-field' [F:\Floofdev\HardLight\Content.Server\Content.Server.csproj]
F:\Floofdev\HardLight\Content.Server\EntityEffects\EffectConditions\JobCondition.cs(31,17): warning CS0618: 'Logger.Error(string)' is obsolete: 'Use ISawmill.Error' [F:\Floofdev\HardLight\Content.Server\Content.Server.csproj]
F:\Floofdev\HardLight\Content.Server\EntityEffects\EffectConditions\JobCondition.cs(37,17): warning CS0618: 'Logger.Error(string)' is obsolete: 'Use ISawmill.Error' [F:\Floofdev\HardLight\Content.Server\Content.Server.csproj]
F:\Floofdev\HardLight\Content.Server\GameTicking\GameTicker.Player.cs(133,25): warning CS0618: 'PvsOverrideSystem.ClearOverride(NetEntity)' is obsolete: 'Don't use this, clear specific overrides' [F:\Floofdev\HardLight\Content.Server\Content.Server.csproj]
F:\Floofdev\HardLight\Content.Server\GameTicking\GameTicker.RoundFlow.cs(107,17): warning CS0618: 'IMapManager.MapExists(MapId?)' is obsolete: 'Use MapSystem' [F:\Floofdev\HardLight\Content.Server\Content.Server.csproj]
F:\Floofdev\HardLight\Content.Server\GameTicking\GameTicker.RoundFlow.cs(447,47): warning CS0618: 'IMapManager.GetMapEntityId(MapId)' is obsolete: 'Use MapSystem' [F:\Floofdev\HardLight\Content.Server\Content.Server.csproj]
F:\Floofdev\HardLight\Content.Server\GameTicking\GameTicker.RoundFlow.cs(445,21): warning CS8073: The result of the expression is always 'true' since a value of type 'MapId' is never equal to 'null' of type 'MapId?' [F:\Floofdev\HardLight\Content.Server\Content.Server.csproj]
F:\Floofdev\HardLight\Content.Server\GameTicking\GameTicker.RoundFlow.cs(556,39): warning CS0618: 'IMapManager.GetMapEntityId(MapId)' is obsolete: 'Use MapSystem' [F:\Floofdev\HardLight\Content.Server\Content.Server.csproj]
F:\Floofdev\HardLight\Content.Server\GameTicking\GameTicker.RoundFlow.cs(557,17): warning CS8073: The result of the expression is always 'true' since a value of type 'MapId' is never equal to 'null' of type 'MapId?' [F:\Floofdev\HardLight\Content.Server\Content.Server.csproj]
F:\Floofdev\HardLight\Content.Server\Chemistry\TileReactions\CreateEntityTileReaction.cs(49,37): warning CS0618: 'TurfHelpers.GetEntitiesInTile(TileRef, LookupFlags, EntityLookupSystem?)' is obsolete: 'Use the lookup system' [F:\Floofdev\HardLight\Content.Server\Content.Server.csproj]
F:\Floofdev\HardLight\Content.Server\GameTicking\GameTicker.RoundFlow.cs(809,33): warning CS0618: 'EntitySystem.Get<T>()' is obsolete: 'Either use a dependency, resolve and cache IEntityManager manually, or use EntityManager.System<T>()' [F:\Floofdev\HardLight\Content.Server\Content.Server.csproj]
F:\Floofdev\HardLight\Content.Server\GameTicking\GameTicker.RoundFlow.cs(812,45): warning CS0618: 'Component.Owner' is obsolete: 'Update your API to allow accessing Owner through other means' [F:\Floofdev\HardLight\Content.Server\Content.Server.csproj]
F:\Floofdev\HardLight\Content.Server\GameTicking\GameTicker.RoundFlow.cs(844,49): warning CS0618: 'Component.Owner' is obsolete: 'Update your API to allow accessing Owner through other means' [F:\Floofdev\HardLight\Content.Server\Content.Server.csproj]
F:\Floofdev\HardLight\Content.Server\GameTicking\GameTicker.RoundFlow.cs(851,52): warning CS0618: 'Component.Owner' is obsolete: 'Update your API to allow accessing Owner through other means' [F:\Floofdev\HardLight\Content.Server\Content.Server.csproj]
F:\Floofdev\HardLight\Content.Server\Construction\ConstructionSystem.Graph.cs(367,13): warning CS0618: 'TransformComponent.Anchored.set' is obsolete: 'Use the SharedTransformSystem.AnchorEntity/Unanchor methods instead.' [F:\Floofdev\HardLight\Content.Server\Content.Server.csproj]
F:\Floofdev\HardLight\Content.Server\Cloning\CloningConsoleSystem.cs(270,25): warning CS0162: Unreachable code detected [F:\Floofdev\HardLight\Content.Server\Content.Server.csproj]
F:\Floofdev\HardLight\Content.Server\Construction\ConstructionSystem.Initial.cs(91,78): warning CS0618: 'SharedContainerSystem.IsInSameOrParentContainer(EntityUid, EntityUid)' is obsolete: 'Use Entity<T> variant' [F:\Floofdev\HardLight\Content.Server\Content.Server.csproj]
F:\Floofdev\HardLight\Content.Server\Chat\Systems\ChatSystem.cs(334,59): warning CS0618: 'ResolvedSoundSpecifier.implicit operator ResolvedSoundSpecifier(string)' is obsolete: 'String literals for sounds are deprecated, use a SoundSpecifier or ResolvedSoundSpecifier as appropriate instead' [F:\Floofdev\HardLight\Content.Server\Content.Server.csproj]
F:\Floofdev\HardLight\Content.Server\Chat\Systems\ChatSystem.cs(364,31): warning CS0618: 'ResolvedSoundSpecifier.implicit operator ResolvedSoundSpecifier(string)' is obsolete: 'String literals for sounds are deprecated, use a SoundSpecifier or ResolvedSoundSpecifier as appropriate instead' [F:\Floofdev\HardLight\Content.Server\Content.Server.csproj]
F:\Floofdev\HardLight\Content.Server\GameTicking\GameTicker.Spawning.cs(465,17): warning CS0618: 'IMapManager.MapExists(MapId?)' is obsolete: 'Use MapSystem' [F:\Floofdev\HardLight\Content.Server\Content.Server.csproj]
F:\Floofdev\HardLight\Content.Server\GameTicking\GameTicker.Spawning.cs(467,30): warning CS0618: 'IMapManager.GetMapEntityId(MapId)' is obsolete: 'Use MapSystem' [F:\Floofdev\HardLight\Content.Server\Content.Server.csproj]
F:\Floofdev\HardLight\Content.Server\GameTicking\GameTicker.Spawning.cs(473,33): warning CS0618: 'IMapManager.GetAllMapIds()' is obsolete: 'Use MapSystem' [F:\Floofdev\HardLight\Content.Server\Content.Server.csproj]
F:\Floofdev\HardLight\Content.Server\GameTicking\GameTicker.Spawning.cs(475,30): warning CS0618: 'IMapManager.GetMapEntityId(MapId)' is obsolete: 'Use MapSystem' [F:\Floofdev\HardLight\Content.Server\Content.Server.csproj]
F:\Floofdev\HardLight\Content.Server\Chat\Systems\ChatSystem.cs(404,31): warning CS0618: 'ResolvedSoundSpecifier.implicit operator ResolvedSoundSpecifier(string)' is obsolete: 'String literals for sounds are deprecated, use a SoundSpecifier or ResolvedSoundSpecifier as appropriate instead' [F:\Floofdev\HardLight\Content.Server\Content.Server.csproj]
F:\Floofdev\HardLight\Content.Server\Connection\ConnectionManager.cs(251,29): warning CS0618: 'EntitySystem.TryGet<T>(out T?)' is obsolete: 'Either use a dependency, resolve and cache IEntityManager manually, or use EntityManager.System<T>()' [F:\Floofdev\HardLight\Content.Server\Content.Server.csproj]
F:\Floofdev\HardLight\Content.Server\Construction\ConstructionSystem.Initial.cs(257,85): warning CS0618: 'AwaitedDoAfterEvent' is obsolete: 'Dont use async DoAfters' [F:\Floofdev\HardLight\Content.Server\Content.Server.csproj]
F:\Floofdev\HardLight\Content.Server\Construction\ConstructionSystem.Initial.cs(267,23): warning CS0618: 'SharedDoAfterSystem.WaitDoAfter(DoAfterArgs, DoAfterComponent?)' is obsolete: 'Use the synchronous version instead.' [F:\Floofdev\HardLight\Content.Server\Content.Server.csproj]
F:\Floofdev\HardLight\Content.Server\Chat\Systems\ChatSystem.cs(639,25): warning CS0618: 'FormattedMessage.RemoveMarkup(string)' is obsolete: 'Use RemoveMarkupOrThrow or RemoveMarkupPermissive' [F:\Floofdev\HardLight\Content.Server\Content.Server.csproj]
F:\Floofdev\HardLight\Content.Server\Chat\Managers\ChatManager.cs(113,9): warning CS0618: 'Logger.InfoS(string, string)' is obsolete: 'Use ISawmill.Info' [F:\Floofdev\HardLight\Content.Server\Content.Server.csproj]
F:\Floofdev\HardLight\Content.Server\Construction\Conditions\ComponentInTile.cs(61,28): warning CS0618: 'TurfHelpers.GetEntitiesInTile(TileRef, LookupFlags, EntityLookupSystem?)' is obsolete: 'Use the lookup system' [F:\Floofdev\HardLight\Content.Server\Content.Server.csproj]
F:\Floofdev\HardLight\Content.Server\Atmos\Serialization\TileAtmosCollectionSerializer.cs(51,25): warning CS0618: 'Logger.Error(string)' is obsolete: 'Use ISawmill.Error' [F:\Floofdev\HardLight\Content.Server\Content.Server.csproj]
F:\Floofdev\HardLight\Content.Server\Atmos\Serialization\TileAtmosCollectionSerializer.cs(94,37): warning CS0618: 'Logger.Error(string)' is obsolete: 'Use ISawmill.Error' [F:\Floofdev\HardLight\Content.Server\Content.Server.csproj]
F:\Floofdev\HardLight\Content.Server\Anomaly\Effects\ProjectileAnomalySystem.cs(88,23): warning CS0618: 'IMapManager.GetMapEntityId(MapId)' is obsolete: 'Use MapSystem' [F:\Floofdev\HardLight\Content.Server\Content.Server.csproj]
F:\Floofdev\HardLight\Content.Server\Construction\Completions\BuildMech.cs(31,13): warning CS0618: 'Logger.Warning(string)' is obsolete: 'Use ISawmill.Warning' [F:\Floofdev\HardLight\Content.Server\Content.Server.csproj]
F:\Floofdev\HardLight\Content.Server\Construction\Completions\BuildMech.cs(40,13): warning CS0618: 'Logger.Warning(string)' is obsolete: 'Use ISawmill.Warning' [F:\Floofdev\HardLight\Content.Server\Content.Server.csproj]
F:\Floofdev\HardLight\Content.Server\Construction\Completions\BuildMech.cs(46,13): warning CS0618: 'Logger.Warning(string)' is obsolete: 'Use ISawmill.Warning' [F:\Floofdev\HardLight\Content.Server\Content.Server.csproj]
F:\Floofdev\HardLight\Content.Server\Construction\Completions\BuildMech.cs(53,13): warning CS0618: 'Logger.Warning(string)' is obsolete: 'Use ISawmill.Warning' [F:\Floofdev\HardLight\Content.Server\Content.Server.csproj]
F:\Floofdev\HardLight\Content.Server\_EinsteinEngines\Power\Systems\BatteryDrinkerSystem.cs(112,13): warning CS8073: The result of the expression is always 'false' since a value of type 'EntityUid' is never equal to 'null' of type 'EntityUid?' [F:\Floofdev\HardLight\Content.Server\Content.Server.csproj]
F:\Floofdev\HardLight\Content.Server\Worldgen\Systems\Debris\SimpleFloorPlanPopulatorSystem.cs(32,26): warning CS0618: 'MapGridComponent.GridTileToLocal(Vector2i)' is obsolete: 'Use the MapSystem method' [F:\Floofdev\HardLight\Content.Server\Content.Server.csproj]
F:\Floofdev\HardLight\Content.Server\Administration\Systems\AdminSystem.cs(418,35): warning CS0618: 'ResolvedSoundSpecifier.implicit operator ResolvedSoundSpecifier(string)' is obsolete: 'String literals for sounds are deprecated, use a SoundSpecifier or ResolvedSoundSpecifier as appropriate instead' [F:\Floofdev\HardLight\Content.Server\Content.Server.csproj]
F:\Floofdev\HardLight\Content.Server\Administration\Notes\UserNotesEui.cs(25,13): warning CS0618: 'Logger.WarningS(string, string)' is obsolete: 'Use ISawmill.Warning' [F:\Floofdev\HardLight\Content.Server\Content.Server.csproj]
F:\Floofdev\HardLight\Content.Server\Administration\Notes\UserNotesEui.cs(42,13): warning CS0618: 'Logger.WarningS(string, string)' is obsolete: 'Use ISawmill.Warning' [F:\Floofdev\HardLight\Content.Server\Content.Server.csproj]
F:\Floofdev\HardLight\Content.Server\Station\Systems\StationBiomeSystem.cs(31,22): warning CS0618: 'IMapManager.GetMapEntityId(MapId)' is obsolete: 'Use MapSystem' [F:\Floofdev\HardLight\Content.Server\Content.Server.csproj]
F:\Floofdev\HardLight\Content.Server\StationEvents\Events\ImmovableRodRule.cs(38,31): warning CS0618: 'EntityCoordinates.ToMap(IEntityManager, SharedTransformSystem)' is obsolete: 'Use SharedTransformSystem.ToMapCoordinates()' [F:\Floofdev\HardLight\Content.Server\Content.Server.csproj]
F:\Floofdev\HardLight\Content.Server\Power\EntitySystems\PowerReceiverSystem.cs(83,31): warning CS0618: 'Component.Owner' is obsolete: 'Update your API to allow accessing Owner through other means' [F:\Floofdev\HardLight\Content.Server\Content.Server.csproj]
F:\Floofdev\HardLight\Content.Server\Power\Generation\Teg\TegNodeGroup.cs(189,25): warning CS0618: 'MapGridComponent.TileIndicesFor(EntityCoordinates)' is obsolete: 'Use the MapSystem method' [F:\Floofdev\HardLight\Content.Server\Content.Server.csproj]
F:\Floofdev\HardLight\Content.Server\Power\Generation\Teg\TegNodeGroup.cs(137,25): warning CS0618: 'MapGridComponent.TileIndicesFor(EntityCoordinates)' is obsolete: 'Use the MapSystem method' [F:\Floofdev\HardLight\Content.Server\Content.Server.csproj]
F:\Floofdev\HardLight\Content.Server\Power\EntitySystems\PowerNetSystem.cs(473,60): warning CS0618: 'Component.Owner' is obsolete: 'Update your API to allow accessing Owner through other means' [F:\Floofdev\HardLight\Content.Server\Content.Server.csproj]
F:\Floofdev\HardLight\Content.Server\Power\EntitySystems\PowerNetSystem.cs(494,57): warning CS0618: 'Component.Owner' is obsolete: 'Update your API to allow accessing Owner through other means' [F:\Floofdev\HardLight\Content.Server\Content.Server.csproj]
F:\Floofdev\HardLight\Content.Server\Power\EntitySystems\PowerNetSystem.cs(501,57): warning CS0618: 'Component.Owner' is obsolete: 'Update your API to allow accessing Owner through other means' [F:\Floofdev\HardLight\Content.Server\Content.Server.csproj]
F:\Floofdev\HardLight\Content.Server\Power\Components\PowerMonitoringDeviceComponent.cs(61,51): warning CS0618: 'Component.Owner' is obsolete: 'Update your API to allow accessing Owner through other means' [F:\Floofdev\HardLight\Content.Server\Content.Server.csproj]
F:\Floofdev\HardLight\Content.Server\Power\EntitySystems\PowerMonitoringConsoleSystem.cs(529,23): warning CS0618: 'Component.Owner' is obsolete: 'Update your API to allow accessing Owner through other means' [F:\Floofdev\HardLight\Content.Server\Content.Server.csproj]
F:\Floofdev\HardLight\Content.Server\Power\EntitySystems\PowerMonitoringConsoleSystem.cs(556,23): warning CS0618: 'Component.Owner' is obsolete: 'Update your API to allow accessing Owner through other means' [F:\Floofdev\HardLight\Content.Server\Content.Server.csproj]
F:\Floofdev\HardLight\Content.Server\Power\EntitySystems\PowerMonitoringConsoleSystem.cs(594,23): warning CS0618: 'Component.Owner' is obsolete: 'Update your API to allow accessing Owner through other means' [F:\Floofdev\HardLight\Content.Server\Content.Server.csproj]
F:\Floofdev\HardLight\Content.Server\Power\EntitySystems\PowerMonitoringConsoleSystem.cs(643,23): warning CS0618: 'Component.Owner' is obsolete: 'Update your API to allow accessing Owner through other means' [F:\Floofdev\HardLight\Content.Server\Content.Server.csproj]
F:\Floofdev\HardLight\Content.Server\Power\EntitySystems\PowerMonitoringConsoleSystem.cs(670,23): warning CS0618: 'Component.Owner' is obsolete: 'Update your API to allow accessing Owner through other means' [F:\Floofdev\HardLight\Content.Server\Content.Server.csproj]
F:\Floofdev\HardLight\Content.Server\Power\Components\CableComponent.cs(45,32): warning CS0618: 'Component.Owner' is obsolete: 'Update your API to allow accessing Owner through other means' [F:\Floofdev\HardLight\Content.Server\Content.Server.csproj]
F:\Floofdev\HardLight\Content.Server\Power\Components\BaseNetConnectorComponent.cs(59,41): warning CS0618: 'Component.Owner' is obsolete: 'Update your API to allow accessing Owner through other means' [F:\Floofdev\HardLight\Content.Server\Content.Server.csproj]
F:\Floofdev\HardLight\Content.Server\Power\Components\ApcComponent.cs(41,23): warning CS0618: 'Component.Owner' is obsolete: 'Update your API to allow accessing Owner through other means' [F:\Floofdev\HardLight\Content.Server\Content.Server.csproj]
F:\Floofdev\HardLight\Content.Server\Power\Components\ApcComponent.cs(46,26): warning CS0618: 'Component.Owner' is obsolete: 'Update your API to allow accessing Owner through other means' [F:\Floofdev\HardLight\Content.Server\Content.Server.csproj]
F:\Floofdev\HardLight\Content.Server\Power\EntitySystems\CableVisSystem.cs(34,24): warning CS0618: 'MapGridComponent.TileIndicesFor(EntityCoordinates)' is obsolete: 'Use the MapSystem method' [F:\Floofdev\HardLight\Content.Server\Content.Server.csproj]
F:\Floofdev\HardLight\Content.Server\Power\EntitySystems\CableVisSystem.cs(42,33): warning CS0618: 'MapGridComponent.TileIndicesFor(EntityCoordinates)' is obsolete: 'Use the MapSystem method' [F:\Floofdev\HardLight\Content.Server\Content.Server.csproj]
F:\Floofdev\HardLight\Content.Server\Medical\BiomassReclaimer\BiomassReclaimerSystem.cs(138,40): warning CS0618: 'ResolvedSoundSpecifier.implicit operator ResolvedSoundSpecifier(string)' is obsolete: 'String literals for sounds are deprecated, use a SoundSpecifier or ResolvedSoundSpecifier as appropriate instead' [F:\Floofdev\HardLight\Content.Server\Content.Server.csproj]
F:\Floofdev\HardLight\Content.Server\Explosion\EntitySystems\ExplosionSystem.Processing.cs(736,67): warning CS0618: 'Component.Owner' is obsolete: 'Update your API to allow accessing Owner through other means' [F:\Floofdev\HardLight\Content.Server\Content.Server.csproj]
F:\Floofdev\HardLight\Content.Server\Explosion\EntitySystems\ExplosionSystem.Processing.cs(787,93): warning CS0618: 'Component.Owner' is obsolete: 'Update your API to allow accessing Owner through other means' [F:\Floofdev\HardLight\Content.Server\Content.Server.csproj]
F:\Floofdev\HardLight\Content.Server\Explosion\EntitySystems\ExplosionSystem.Processing.cs(843,17): warning CS0618: 'MapGridComponent.TryGetTileRef(Vector2i, out TileRef)' is obsolete: 'Use the MapSystem method' [F:\Floofdev\HardLight\Content.Server\Content.Server.csproj]
F:\Floofdev\HardLight\Content.Server\Explosion\EntitySystems\ExplosionSystem.Processing.cs(855,22): warning CS0618: 'Component.Owner' is obsolete: 'Update your API to allow accessing Owner through other means' [F:\Floofdev\HardLight\Content.Server\Content.Server.csproj]
F:\Floofdev\HardLight\Content.Server\Explosion\EntitySystems\ExplosionSystem.Processing.cs(904,56): warning CS0618: 'Component.Owner' is obsolete: 'Update your API to allow accessing Owner through other means' [F:\Floofdev\HardLight\Content.Server\Content.Server.csproj]
F:\Floofdev\HardLight\Content.Server\Explosion\EntitySystems\ExplosionSystem.Processing.cs(906,37): warning CS0618: 'Component.Owner' is obsolete: 'Update your API to allow accessing Owner through other means' [F:\Floofdev\HardLight\Content.Server\Content.Server.csproj]
F:\Floofdev\HardLight\Content.Server\Explosion\EntitySystems\ExplosionGridTileFlood.cs(68,30): warning CS0618: 'Component.Owner' is obsolete: 'Update your API to allow accessing Owner through other means' [F:\Floofdev\HardLight\Content.Server\Content.Server.csproj]
F:\Floofdev\HardLight\Content.Server\Explosion\EntitySystems\ExplosionGridTileFlood.cs(75,72): warning CS0618: 'Component.Owner' is obsolete: 'Update your API to allow accessing Owner through other means' [F:\Floofdev\HardLight\Content.Server\Content.Server.csproj]
F:\Floofdev\HardLight\Content.Server\Explosion\EntitySystems\ExplosionSystem.cs(347,50): warning CS0618: 'IMapManager.GetMapEntityId(MapId)' is obsolete: 'Use MapSystem' [F:\Floofdev\HardLight\Content.Server\Content.Server.csproj]
F:\Floofdev\HardLight\Content.Server\Explosion\EntitySystems\ExplosionSystem.cs(347,24): warning CS0618: 'EntityCoordinates.FromMap(EntityUid, MapCoordinates, SharedTransformSystem, IEntityManager?)' is obsolete: 'Use SharedTransformSystem.ToCoordinates()' [F:\Floofdev\HardLight\Content.Server\Content.Server.csproj]
F:\Floofdev\HardLight\Content.Server\Explosion\EntitySystems\ExplosionSystem.cs(348,22): warning CS0618: 'EntityCoordinates.GetGridUid(IEntityManager)' is obsolete: 'Use SharedTransformSystem.GetGrid()' [F:\Floofdev\HardLight\Content.Server\Content.Server.csproj]
F:\Floofdev\HardLight\Content.Server\Explosion\EntitySystems\ExplosionSystem.cs(352,22): warning CS0618: 'EntityCoordinates.GetGridUid(IEntityManager)' is obsolete: 'Use SharedTransformSystem.GetGrid()' [F:\Floofdev\HardLight\Content.Server\Content.Server.csproj]
F:\Floofdev\HardLight\Content.Server\Explosion\EntitySystems\ExplosionSystem.GridMap.cs(309,18): warning CS0618: 'MapGridComponent.TryGetTileRef(Vector2i, out TileRef)' is obsolete: 'Use the MapSystem method' [F:\Floofdev\HardLight\Content.Server\Content.Server.csproj]
F:\Floofdev\HardLight\Content.Server\Explosion\EntitySystems\ExplosionSystem.Processing.cs(149,30): warning CS0168: The variable 'e' is declared but never used [F:\Floofdev\HardLight\Content.Server\Content.Server.csproj]
F:\Floofdev\HardLight\Content.Server\Explosion\EntitySystems\ExplosionSystem.Processing.cs(318,55): warning CS0618: 'Component.Owner' is obsolete: 'Update your API to allow accessing Owner through other means' [F:\Floofdev\HardLight\Content.Server\Content.Server.csproj]
F:\Floofdev\HardLight\Content.Server\GameTicking\Commands\JoinGameCommand.cs(49,17): warning CS0618: 'Logger.InfoS(string, string)' is obsolete: 'Use ISawmill.Info' [F:\Floofdev\HardLight\Content.Server\Content.Server.csproj]
F:\Floofdev\HardLight\Content.Server\Explosion\EntitySystems\ExplosionSystem.Visuals.cs(47,28): warning CS0618: 'Component.Owner' is obsolete: 'Update your API to allow accessing Owner through other means' [F:\Floofdev\HardLight\Content.Server\Content.Server.csproj]
F:\Floofdev\HardLight\Content.Server\Atmos\Commands\SetMapAtmosCommand.cs(31,19): warning CS0618: 'IMapManager.GetMapEntityId(MapId)' is obsolete: 'Use MapSystem' [F:\Floofdev\HardLight\Content.Server\Content.Server.csproj]
F:\Floofdev\HardLight\Content.Server\Atmos\Components\AtmosPlaqueComponent.cs(17,93): warning CS0618: 'Component.Owner' is obsolete: 'Update your API to allow accessing Owner through other means' [F:\Floofdev\HardLight\Content.Server\Content.Server.csproj]
F:\Floofdev\HardLight\Content.Server\StationEvents\Events\BluespaceLockerRule.cs(33,50): warning CS0618: 'EntityCoordinates.GetGridUid(IEntityManager)' is obsolete: 'Use SharedTransformSystem.GetGrid()' [F:\Floofdev\HardLight\Content.Server\Content.Server.csproj]
F:\Floofdev\HardLight\Content.Server\Atmos\EntitySystems\FlammableSystem.cs(415,13): warning CS0618: 'TimerExtensions.SpawnTimer(EntityUid, int, Action, CancellationToken)' is obsolete: 'Use a system update loop instead' [F:\Floofdev\HardLight\Content.Server\Content.Server.csproj]
F:\Floofdev\HardLight\Content.Server\Administration\Commands\ShipSaveAdminCommands.cs(784,9): warning CS0618: 'Logger.InfoS(string, string)' is obsolete: 'Use ISawmill.Info' [F:\Floofdev\HardLight\Content.Server\Content.Server.csproj]
F:\Floofdev\HardLight\Content.Server\Administration\Logs\AdminLogManager.Json.cs(60,41): warning CS0618: 'IComponent.Owner' is obsolete: 'Update your API to allow accessing Owner through other means' [F:\Floofdev\HardLight\Content.Server\Content.Server.csproj]
F:\Floofdev\HardLight\Content.Server\Administration\Commands\ShipSaveAdminCommands.cs(675,21): warning CS0618: 'Logger.InfoS(string, string)' is obsolete: 'Use ISawmill.Info' [F:\Floofdev\HardLight\Content.Server\Content.Server.csproj]
F:\Floofdev\HardLight\Content.Server\Administration\Commands\ShipSaveAdminCommands.cs(710,9): warning CS0618: 'Logger.InfoS(string, string)' is obsolete: 'Use ISawmill.Info' [F:\Floofdev\HardLight\Content.Server\Content.Server.csproj]
F:\Floofdev\HardLight\Content.Server\Atmos\Piping\Components\AtmosPipeColorComponent.cs(16,93): warning CS0618: 'Component.Owner' is obsolete: 'Update your API to allow accessing Owner through other means' [F:\Floofdev\HardLight\Content.Server\Content.Server.csproj]
F:\Floofdev\HardLight\Content.Server\Atmos\Piping\EntitySystems\AtmosPipeAppearanceSystem.cs(57,20): warning CS0618: 'MapGridComponent.TileIndicesFor(EntityCoordinates)' is obsolete: 'Use the MapSystem method' [F:\Floofdev\HardLight\Content.Server\Content.Server.csproj]
F:\Floofdev\HardLight\Content.Server\Atmos\Piping\EntitySystems\AtmosPipeAppearanceSystem.cs(60,29): warning CS0618: 'MapGridComponent.TileIndicesFor(EntityCoordinates)' is obsolete: 'Use the MapSystem method' [F:\Floofdev\HardLight\Content.Server\Content.Server.csproj]
F:\Floofdev\HardLight\Content.Server\Administration\Commands\ShipSaveAdminCommands.cs(576,21): warning CS0618: 'Logger.InfoS(string, string)' is obsolete: 'Use ISawmill.Info' [F:\Floofdev\HardLight\Content.Server\Content.Server.csproj]
F:\Floofdev\HardLight\Content.Server\Administration\Commands\ShipSaveAdminCommands.cs(606,9): warning CS0618: 'Logger.InfoS(string, string)' is obsolete: 'Use ISawmill.Info' [F:\Floofdev\HardLight\Content.Server\Content.Server.csproj]
F:\Floofdev\HardLight\Content.Server\Administration\Commands\ShipSaveAdminCommands.cs(253,13): warning CS0618: 'Logger.InfoS(string, string)' is obsolete: 'Use ISawmill.Info' [F:\Floofdev\HardLight\Content.Server\Content.Server.csproj]
F:\Floofdev\HardLight\Content.Server\Atmos\EntitySystems\AtmosphereSystem.HighPressureDelta.cs(111,36): warning CS0618: 'ResolvedSoundSpecifier.implicit operator ResolvedSoundSpecifier(string)' is obsolete: 'String literals for sounds are deprecated, use a SoundSpecifier or ResolvedSoundSpecifier as appropriate instead' [F:\Floofdev\HardLight\Content.Server\Content.Server.csproj]
F:\Floofdev\HardLight\Content.Server\Administration\Commands\RoleBanCommand.cs(34,13): warning CS0618: 'Logger.WarningS(string, string)' is obsolete: 'Use ISawmill.Warning' [F:\Floofdev\HardLight\Content.Server\Content.Server.csproj]
F:\Floofdev\HardLight\Content.Server\Atmos\EntitySystems\AtmosphereSystem.Hotspot.cs(115,32): warning CS0618: 'ResolvedSoundSpecifier.implicit operator ResolvedSoundSpecifier(string)' is obsolete: 'String literals for sounds are deprecated, use a SoundSpecifier or ResolvedSoundSpecifier as appropriate instead' [F:\Floofdev\HardLight\Content.Server\Content.Server.csproj]
F:\Floofdev\HardLight\Content.Server\Administration\Commands\PrisonerCommands.cs(68,17): warning CS0618: 'Logger.WarningS(string, string)' is obsolete: 'Use ISawmill.Warning' [F:\Floofdev\HardLight\Content.Server\Content.Server.csproj]
F:\Floofdev\HardLight\Content.Server\Administration\Commands\PlayGlobalSoundCommand.cs(91,79): warning CS0618: 'ResolvedSoundSpecifier.implicit operator ResolvedSoundSpecifier(string)' is obsolete: 'String literals for sounds are deprecated, use a SoundSpecifier or ResolvedSoundSpecifier as appropriate instead' [F:\Floofdev\HardLight\Content.Server\Content.Server.csproj]
F:\Floofdev\HardLight\Content.Server\Administration\Commands\PersistenceSaveCommand.cs(37,14): warning CS0618: 'IMapManager.MapExists(MapId?)' is obsolete: 'Use MapSystem' [F:\Floofdev\HardLight\Content.Server\Content.Server.csproj]
F:\Floofdev\HardLight\Content.Server\Administration\Commands\DepartmentBanCommand.cs(32,13): warning CS0618: 'Logger.WarningS(string, string)' is obsolete: 'Use ISawmill.Warning' [F:\Floofdev\HardLight\Content.Server\Content.Server.csproj]
F:\Floofdev\HardLight\Content.Server\Atmos\EntitySystems\AtmosphereSystem.Utils.cs(112,14): warning CS0618: 'MapGridComponent.TryGetTileRef(Vector2i, out TileRef)' is obsolete: 'Use the MapSystem method' [F:\Floofdev\HardLight\Content.Server\Content.Server.csproj]
F:\Floofdev\HardLight\Content.Server\_Shitmed\Body\Organ\DermisSystem.cs(11,52): warning CS0414: The field 'DermisSystem._bodySystem' is assigned but its value is never used [F:\Floofdev\HardLight\Content.Server\Content.Server.csproj]
F:\Floofdev\HardLight\Content.Server\Shuttles\Systems\ArrivalsSystem.cs(64,46): warning CS0414: The field 'ArrivalsSystem._ticker' is assigned but its value is never used [F:\Floofdev\HardLight\Content.Server\Content.Server.csproj]
F:\Floofdev\HardLight\Content.Server\_Shitmed\Body\Systems\EyesSystem.cs(12,54): warning CS0414: The field 'EyesSystem._entityManager' is assigned but its value is never used [F:\Floofdev\HardLight\Content.Server\Content.Server.csproj]
F:\Floofdev\HardLight\Content.Server\Shuttles\ShipSerializationSystem.cs(60,57): warning CS0414: The field 'ShipSerializationSystem._netManager' is assigned but its value is never used [F:\Floofdev\HardLight\Content.Server\Content.Server.csproj]
F:\Floofdev\HardLight\Content.Server\_EinsteinEngines\Power\Systems\BatteryDrinkerSystem.cs(23,51): warning CS0414: The field 'BatteryDrinkerSystem._slots' is assigned but its value is never used [F:\Floofdev\HardLight\Content.Server\Content.Server.csproj]
F:\Floofdev\HardLight\Content.Server\Cloning\RandomCloneSpawnerSystem.cs(17,57): warning CS0414: The field 'RandomCloneSpawnerSystem._transformSystem' is assigned but its value is never used [F:\Floofdev\HardLight\Content.Server\Content.Server.csproj]
F:\Floofdev\HardLight\Content.Server\Shuttles\Systems\ArrivalsSystem.cs(57,48): warning CS0414: The field 'ArrivalsSystem._console' is assigned but its value is never used [F:\Floofdev\HardLight\Content.Server\Content.Server.csproj]
F:\Floofdev\HardLight\Content.Server\Shuttles\Systems\ArrivalsSystem.cs(61,47): warning CS0414: The field 'ArrivalsSystem._actor' is assigned but its value is never used [F:\Floofdev\HardLight\Content.Server\Content.Server.csproj]
F:\Floofdev\HardLight\Content.Server\_EinsteinEngines\Silicon\DeadStartupButton\DeadStartupButtonSystem.cs(28,46): warning CS0414: The field 'DeadStartupButtonSystem._chatSystem' is assigned but its value is never used [F:\Floofdev\HardLight\Content.Server\Content.Server.csproj]
F:\Floofdev\HardLight\Content.Server\_Crescent\Cybernetics\MantisBladeSystem.cs(31,55): warning CS0414: The field 'MantisBladeSystem._explosion' is assigned but its value is never used [F:\Floofdev\HardLight\Content.Server\Content.Server.csproj]
F:\Floofdev\HardLight\Content.Server\Research\Systems\ResearchSystem.cs(25,53): warning CS0414: The field 'ResearchSystem._station' is assigned but its value is never used [F:\Floofdev\HardLight\Content.Server\Content.Server.csproj]
F:\Floofdev\HardLight\Content.Server\Cloning\RandomCloneSpawnerSystem.cs(16,49): warning CS0414: The field 'RandomCloneSpawnerSystem._random' is assigned but its value is never used [F:\Floofdev\HardLight\Content.Server\Content.Server.csproj]
F:\Floofdev\HardLight\Content.Server\Cloning\CloningPodSystem.cs(49,50): warning CS0414: The field 'CloningPodSystem._mobStateSystem' is assigned but its value is never used [F:\Floofdev\HardLight\Content.Server\Content.Server.csproj]
F:\Floofdev\HardLight\Content.Server\Cloning\RandomCloneSpawnerSystem.cs(18,52): warning CS0414: The field 'RandomCloneSpawnerSystem._mind' is assigned but its value is never used [F:\Floofdev\HardLight\Content.Server\Content.Server.csproj]
F:\Floofdev\HardLight\Content.Server\Cloning\RandomCloneSpawnerSystem.cs(15,53): warning CS0414: The field 'RandomCloneSpawnerSystem._prototypeManager' is assigned but its value is never used [F:\Floofdev\HardLight\Content.Server\Content.Server.csproj]
F:\Floofdev\HardLight\Content.Server\Cloning\CloningConsoleSystem.cs(85,54): warning CS0414: The field 'CloningConsoleSystem._mobStateSystem' is assigned but its value is never used [F:\Floofdev\HardLight\Content.Server\Content.Server.csproj]
F:\Floofdev\HardLight\Content.Server\_NF\Shipyard\Systems\ShipyardSystem.cs(63,53): warning CS0414: The field 'ShipyardSystem._netManager' is assigned but its value is never used [F:\Floofdev\HardLight\Content.Server\Content.Server.csproj]
F:\Floofdev\HardLight\Content.Server\_HL\RoundPersistence\Systems\PlayerPaymentPersistenceSystem.cs(29,46): warning CS0414: The field 'PlayerPaymentPersistenceSystem._mind' is assigned but its value is never used [F:\Floofdev\HardLight\Content.Server\Content.Server.csproj]
F:\Floofdev\HardLight\Content.Server\Weapons\Ranged\Systems\GunSystem.cs(42,51): warning CS0414: The field 'GunSystem._powerCell' is assigned but its value is never used [F:\Floofdev\HardLight\Content.Server\Content.Server.csproj]
F:\Floofdev\HardLight\Content.Server\_Shitmed\Body\Organ\CerebralImplantSystem.cs(11,52): warning CS0414: The field 'CerebralImplantSystem._bodySystem' is assigned but its value is never used [F:\Floofdev\HardLight\Content.Server\Content.Server.csproj]
F:\Floofdev\HardLight\Content.Server\Shuttles\Systems\ArrivalsSystem.cs(69,49): warning CS0414: The field 'ArrivalsSystem._shuttles' is assigned but its value is never used [F:\Floofdev\HardLight\Content.Server\Content.Server.csproj]
F:\Floofdev\HardLight\Content.Server\Shuttles\Systems\ShuttleConsoleSystem.cs(40,49): warning CS0414: The field 'ShuttleConsoleSystem._station' is assigned but its value is never used [F:\Floofdev\HardLight\Content.Server\Content.Server.csproj]
F:\Floofdev\HardLight\Content.Server\Shuttles\Systems\ArrivalsSystem.cs(58,47): warning CS0414: The field 'ArrivalsSystem._timing' is assigned but its value is never used [F:\Floofdev\HardLight\Content.Server\Content.Server.csproj]
F:\Floofdev\HardLight\Content.Server\Weapons\Ranged\Systems\GunSystem.cs(36,49): warning CS0414: The field 'GunSystem._battery' is assigned but its value is never used [F:\Floofdev\HardLight\Content.Server\Content.Server.csproj]
F:\Floofdev\HardLight\Content.Server\Worldgen\Systems\Debris\DebrisFeaturePlacerSystem.cs(22,49): warning CS0414: The field 'DebrisFeaturePlacerSystem._gc' is assigned but its value is never used [F:\Floofdev\HardLight\Content.Server\Content.Server.csproj]
F:\Floofdev\HardLight\Content.Server\Administration\Commands\PrisonerCommands.cs(106,53): warning CS0414: The field 'PermaPardonCommand._prototypes' is assigned but its value is never used [F:\Floofdev\HardLight\Content.Server\Content.Server.csproj]
F:\Floofdev\HardLight\Content.Server\_Crescent\Cybernetics\MantisBladeSystem.cs(23,50): warning CS0414: The field 'MantisBladeSystem._body' is assigned but its value is never used [F:\Floofdev\HardLight\Content.Server\Content.Server.csproj]
F:\Floofdev\HardLight\Content.Server\Silicons\Borgs\BorgSystem.cs(63,56): warning CS0414: The field 'BorgSystem._player' is assigned but its value is never used [F:\Floofdev\HardLight\Content.Server\Content.Server.csproj]
F:\Floofdev\HardLight\Content.Server\Shuttles\Systems\ArrivalsSystem.cs(55,48): warning CS0414: The field 'ArrivalsSystem._chat' is assigned but its value is never used [F:\Floofdev\HardLight\Content.Server\Content.Server.csproj]
F:\Floofdev\HardLight\Content.Server\Medical\HealthAnalyzerSystem.cs(41,51): warning CS0414: The field 'HealthAnalyzerSystem._transformSystem' is assigned but its value is never used [F:\Floofdev\HardLight\Content.Server\Content.Server.csproj]
F:\Floofdev\HardLight\Content.Server\Cloning\RandomCloneSpawnerSystem.cs(14,49): warning CS0414: The field 'RandomCloneSpawnerSystem._cloning' is assigned but its value is never used [F:\Floofdev\HardLight\Content.Server\Content.Server.csproj]
F:\Floofdev\HardLight\Content.Server\Shuttles\Systems\ArrivalsSystem.cs(63,55): warning CS0414: The field 'ArrivalsSystem._deviceNetworkSystem' is assigned but its value is never used [F:\Floofdev\HardLight\Content.Server\Content.Server.csproj]
F:\Floofdev\HardLight\Content.Server\GameTicking\GameTicker.RoundFlow.cs(46,54): warning CS0414: The field 'GameTicker._arrivalsSystem' is assigned but its value is never used [F:\Floofdev\HardLight\Content.Server\Content.Server.csproj]
F:\Floofdev\HardLight\Content.Server\Shuttles\ShipSerializationSystem.cs(56,56): warning CS0414: The field 'ShipSerializationSystem._atmosphere' is assigned but its value is never used [F:\Floofdev\HardLight\Content.Server\Content.Server.csproj]
F:\Floofdev\HardLight\Content.Server\Salvage\SalvageSystem.ExpeditionConsole.cs(34,49): warning CS0414: The field 'SalvageSystem._salvage' is assigned but its value is never used [F:\Floofdev\HardLight\Content.Server\Content.Server.csproj]
F:\Floofdev\HardLight\Content.Server\Shuttles\Save\ShipSaveSystem.cs(20,51): warning CS0414: The field 'ShipSaveSystem._mapManager' is assigned but its value is never used [F:\Floofdev\HardLight\Content.Server\Content.Server.csproj]
F:\Floofdev\HardLight\Content.Server\_Shitmed\Medical\Surgery\SurgerySystem.cs(41,51): warning CS0414: The field 'SurgerySystem._blindableSystem' is assigned but its value is never used [F:\Floofdev\HardLight\Content.Server\Content.Server.csproj]
F:\Floofdev\HardLight\Content.Server\Shuttles\Systems\ArrivalsSystem.cs(68,57): warning CS0414: The field 'ArrivalsSystem._transform' is assigned but its value is never used [F:\Floofdev\HardLight\Content.Server\Content.Server.csproj]
F:\Floofdev\HardLight\Content.Server\_Crescent\Cybernetics\InternalBombSystem.cs(15,53): warning CS0414: The field 'InternalBombSystem._gibbing' is assigned but its value is never used [F:\Floofdev\HardLight\Content.Server\Content.Server.csproj]
F:\Floofdev\HardLight\Content.Server\Shuttles\Systems\ArrivalsSystem.cs(70,57): warning CS0414: The field 'ArrivalsSystem._stationSpawning' is assigned but its value is never used [F:\Floofdev\HardLight\Content.Server\Content.Server.csproj]
F:\Floofdev\HardLight\Content.Server\Medical\HealingSystem.cs(38,57): warning CS0414: The field 'HealingSystem._targetingSystem' is assigned but its value is never used [F:\Floofdev\HardLight\Content.Server\Content.Server.csproj]
F:\Floofdev\HardLight\Content.Server\_NF\Shipyard\Systems\ShipyardSystem.cs(61,50): warning CS0414: The field 'ShipyardSystem._entityManager' is assigned but its value is never used [F:\Floofdev\HardLight\Content.Server\Content.Server.csproj]
F:\Floofdev\HardLight\Content.Server\_EinsteinEngines\Power\Systems\BatteryDrinkerSystem.cs(29,51): warning CS0414: The field 'BatteryDrinkerSystem._powerCell' is assigned but its value is never used [F:\Floofdev\HardLight\Content.Server\Content.Server.csproj]
F:\Floofdev\HardLight\Content.Server\_HL\RoundPersistence\Systems\PlayerPaymentPersistenceSystem.cs(28,47): warning CS0414: The field 'PlayerPaymentPersistenceSystem._timing' is assigned but its value is never used [F:\Floofdev\HardLight\Content.Server\Content.Server.csproj]
F:\Floofdev\HardLight\Content.Server\Shuttles\Save\ShipSaveSystem.cs(22,57): warning CS0414: The field 'ShipSaveSystem._netManager' is assigned but its value is never used [F:\Floofdev\HardLight\Content.Server\Content.Server.csproj]
F:\Floofdev\HardLight\Content.Server\_Crescent\Cybernetics\MantisBladeSystem.cs(33,55): warning CS0414: The field 'MantisBladeSystem._inventory' is assigned but its value is never used [F:\Floofdev\HardLight\Content.Server\Content.Server.csproj]
F:\Floofdev\HardLight\Content.Server\_Crescent\Cybernetics\MantisBladeSystem.cs(21,53): warning CS0414: The field 'MantisBladeSystem._gibbing' is assigned but its value is never used [F:\Floofdev\HardLight\Content.Server\Content.Server.csproj]
F:\Floofdev\HardLight\Content.Server\_Shitmed\DelayedDeath\DelayedDeathSystem.cs(7,16): warning RA0003: Class must be explicitly marked as [Virtual], abstract, static or sealed [F:\Floofdev\HardLight\Content.Server\Content.Server.csproj]
F:\Floofdev\HardLight\Content.Server\_NF\Shipyard\Systems\ShipyardSystem.cs(524,14): warning RA0030: Use the non-generic variant of this method for type TransformComponent [F:\Floofdev\HardLight\Content.Server\Content.Server.csproj]
F:\Floofdev\HardLight\Content.Server\_NF\Shipyard\Systems\ShipyardSystem.cs(203,18): warning RA0030: Use the non-generic variant of this method for type TransformComponent [F:\Floofdev\HardLight\Content.Server\Content.Server.csproj]
F:\Floofdev\HardLight\Content.Server\_NF\Shipyard\Systems\ShipyardSystem.cs(585,17): warning RA0030: Use the non-generic variant of this method for type TransformComponent [F:\Floofdev\HardLight\Content.Server\Content.Server.csproj]
F:\Floofdev\HardLight\Content.Server\Speech\EntitySystems\ReplacementAccentSystem.cs(66,30): warning RA0026: Usage of a static Regex function that takes in a pattern string. This can cause constant re-parsing of the pattern. [F:\Floofdev\HardLight\Content.Server\Content.Server.csproj]
F:\Floofdev\HardLight\Content.Server\Speech\EntitySystems\ReplacementAccentSystem.cs(69,35): warning RA0026: Usage of a static Regex function that takes in a pattern string. This can cause constant re-parsing of the pattern. [F:\Floofdev\HardLight\Content.Server\Content.Server.csproj]
F:\Floofdev\HardLight\Content.Server\Salvage\SalvageSystem.ExpeditionConsole.cs(63,14): warning RA0030: Use the non-generic variant of this method for type TransformComponent [F:\Floofdev\HardLight\Content.Server\Content.Server.csproj]
F:\Floofdev\HardLight\Content.Server\Salvage\SalvageSystem.ExpeditionConsole.cs(282,13): error CS0103: The name 'coordinatesDisk' does not exist in the current context [F:\Floofdev\HardLight\Content.Server\Content.Server.csproj]
F:\Floofdev\HardLight\Content.Server\Salvage\SalvageSystem.Expeditions.cs(185,30): error CS0246: The type or namespace name 'MapGridComponent' could not be found (are you missing a using directive or an assembly reference?) [F:\Floofdev\HardLight\Content.Server\Content.Server.csproj]
    295 Warning(s)
    2 Error(s)

Time Elapsed 00:00:26.12
